[2020-12-03T02:02:03.208-0900][0.014s] Heap region size: 1M
[2020-12-03T02:02:03.209-0900][0.014s] Heap address: 0x00000007e0000000, size: 512 MB, Compressed Oops mode: Zero based, Oop shift amount: 3
[2020-12-03T02:02:03.584-0900][0.389s] Using G1
[2020-12-03T02:02:03.585-0900][0.390s] Mark closed archive regions in map: [0x00000007fff00000, 0x00000007fff7aff8]
[2020-12-03T02:02:03.585-0900][0.390s] Mark open archive regions in map: [0x00000007ffe00000, 0x00000007ffe50ff8]
[2020-12-03T02:02:03.611-0900][0.416s] Periodic GC disabled
[2020-12-03T02:02:04.182-0900][0.988s] GC(0) Pause Young (Normal) (G1 Evacuation Pause)
[2020-12-03T02:02:04.183-0900][0.988s] GC(0) Using 10 workers of 10 for evacuation
[2020-12-03T02:02:04.184-0900][0.989s] GC(0)   Pre Evacuate Collection Set: 0.1ms
[2020-12-03T02:02:04.184-0900][0.990s] GC(0)   Merge Heap Roots: 0.0ms
[2020-12-03T02:02:04.184-0900][0.990s] GC(0)   Evacuate Collection Set: 1.1ms
[2020-12-03T02:02:04.184-0900][0.990s] GC(0)   Post Evacuate Collection Set: 0.2ms
[2020-12-03T02:02:04.184-0900][0.990s] GC(0)   Other: 0.5ms
[2020-12-03T02:02:04.184-0900][0.990s] GC(0) Eden regions: 29->0(55)
[2020-12-03T02:02:04.184-0900][0.990s] GC(0) Survivor regions: 0->3(4)
[2020-12-03T02:02:04.184-0900][0.990s] GC(0) Old regions: 0->0
[2020-12-03T02:02:04.184-0900][0.990s] GC(0) Archive regions: 2->2
[2020-12-03T02:02:04.184-0900][0.990s] GC(0) Humongous regions: 0->0
[2020-12-03T02:02:04.184-0900][0.990s] GC(0) Metaspace: 5551K(7552K)->5551K(7552K) NonClass: 4885K(6656K)->4885K(6656K) Class: 666K(896K)->666K(896K)
[2020-12-03T02:02:04.184-0900][0.990s] GC(0) Pause Young (Normal) (G1 Evacuation Pause) 29M->3M(512M) 2.026ms
[2020-12-03T02:02:04.184-0900][0.990s] GC(0) User=0.02s Sys=0.00s Real=0.00s
[2020-12-03T02:02:05.025-0900][1.830s] GC(1) Pause Young (Normal) (G1 Evacuation Pause)
[2020-12-03T02:02:05.025-0900][1.830s] GC(1) Using 10 workers of 10 for evacuation
[2020-12-03T02:02:05.031-0900][1.836s] GC(1)   Pre Evacuate Collection Set: 0.1ms
[2020-12-03T02:02:05.031-0900][1.836s] GC(1)   Merge Heap Roots: 0.0ms
[2020-12-03T02:02:05.031-0900][1.836s] GC(1)   Evacuate Collection Set: 5.2ms
[2020-12-03T02:02:05.031-0900][1.836s] GC(1)   Post Evacuate Collection Set: 0.5ms
[2020-12-03T02:02:05.031-0900][1.836s] GC(1)   Other: 0.1ms
[2020-12-03T02:02:05.031-0900][1.836s] GC(1) Eden regions: 55->0(299)
[2020-12-03T02:02:05.031-0900][1.836s] GC(1) Survivor regions: 3->8(8)
[2020-12-03T02:02:05.031-0900][1.836s] GC(1) Old regions: 0->5
[2020-12-03T02:02:05.031-0900][1.836s] GC(1) Archive regions: 2->2
[2020-12-03T02:02:05.031-0900][1.836s] GC(1) Humongous regions: 4->4
[2020-12-03T02:02:05.031-0900][1.836s] GC(1) Metaspace: 15307K(16128K)->15307K(16128K) NonClass: 13463K(14080K)->13463K(14080K) Class: 1844K(2048K)->1844K(2048K)
[2020-12-03T02:02:05.031-0900][1.836s] GC(1) Pause Young (Normal) (G1 Evacuation Pause) 62M->16M(512M) 6.061ms
[2020-12-03T02:02:05.031-0900][1.836s] GC(1) User=0.05s Sys=0.00s Real=0.01s
[2020-12-03T02:04:30.415-0900][147.222s] Heap
[2020-12-03T02:04:30.415-0900][147.222s]  garbage-first heap   total 524288K, used 30542K [0x00000007e0000000, 0x0000000800000000)
[2020-12-03T02:04:30.415-0900][147.222s]   region size 1024K, 22 young (22528K), 8 survivors (8192K)
[2020-12-03T02:04:30.415-0900][147.222s]  Metaspace       used 16948K, capacity 17413K, committed 17664K, reserved 1064960K
[2020-12-03T02:04:30.415-0900][147.222s]   class space    used 2060K, capacity 2244K, committed 2304K, reserved 1048576K
