[2020-12-03T01:45:29.958-0900][0.011s] Heap region size: 1M
[2020-12-03T01:45:29.958-0900][0.011s] Heap address: 0x00000007e0000000, size: 512 MB, Compressed Oops mode: Zero based, Oop shift amount: 3
[2020-12-03T01:45:30.165-0900][0.218s] Using G1
[2020-12-03T01:45:30.165-0900][0.218s] Mark closed archive regions in map: [0x00000007fff00000, 0x00000007fff7aff8]
[2020-12-03T01:45:30.165-0900][0.218s] Mark open archive regions in map: [0x00000007ffe00000, 0x00000007ffe50ff8]
[2020-12-03T01:45:30.182-0900][0.235s] Periodic GC disabled
[2020-12-03T01:45:30.550-0900][0.603s] GC(0) Pause Young (Normal) (G1 Evacuation Pause)
[2020-12-03T01:45:30.550-0900][0.603s] GC(0) Using 10 workers of 10 for evacuation
[2020-12-03T01:45:30.552-0900][0.605s] GC(0)   Pre Evacuate Collection Set: 0.0ms
[2020-12-03T01:45:30.552-0900][0.605s] GC(0)   Merge Heap Roots: 0.0ms
[2020-12-03T01:45:30.552-0900][0.605s] GC(0)   Evacuate Collection Set: 1.0ms
[2020-12-03T01:45:30.552-0900][0.605s] GC(0)   Post Evacuate Collection Set: 0.2ms
[2020-12-03T01:45:30.552-0900][0.605s] GC(0)   Other: 0.5ms
[2020-12-03T01:45:30.552-0900][0.605s] GC(0) Eden regions: 29->0(55)
[2020-12-03T01:45:30.552-0900][0.605s] GC(0) Survivor regions: 0->3(4)
[2020-12-03T01:45:30.552-0900][0.605s] GC(0) Old regions: 0->0
[2020-12-03T01:45:30.552-0900][0.605s] GC(0) Archive regions: 2->2
[2020-12-03T01:45:30.552-0900][0.605s] GC(0) Humongous regions: 0->0
[2020-12-03T01:45:30.552-0900][0.605s] GC(0) Metaspace: 5603K(7552K)->5603K(7552K) NonClass: 4933K(6656K)->4933K(6656K) Class: 669K(896K)->669K(896K)
[2020-12-03T01:45:30.552-0900][0.605s] GC(0) Pause Young (Normal) (G1 Evacuation Pause) 29M->3M(512M) 1.901ms
[2020-12-03T01:45:30.552-0900][0.605s] GC(0) User=0.01s Sys=0.00s Real=0.00s
[2020-12-03T01:45:31.079-0900][1.132s] GC(1) Pause Young (Normal) (G1 Evacuation Pause)
[2020-12-03T01:45:31.079-0900][1.132s] GC(1) Using 10 workers of 10 for evacuation
[2020-12-03T01:45:31.084-0900][1.137s] GC(1)   Pre Evacuate Collection Set: 0.1ms
[2020-12-03T01:45:31.084-0900][1.137s] GC(1)   Merge Heap Roots: 0.0ms
[2020-12-03T01:45:31.084-0900][1.137s] GC(1)   Evacuate Collection Set: 4.7ms
[2020-12-03T01:45:31.084-0900][1.137s] GC(1)   Post Evacuate Collection Set: 0.5ms
[2020-12-03T01:45:31.084-0900][1.137s] GC(1)   Other: 0.1ms
[2020-12-03T01:45:31.084-0900][1.137s] GC(1) Eden regions: 55->0(299)
[2020-12-03T01:45:31.084-0900][1.137s] GC(1) Survivor regions: 3->8(8)
[2020-12-03T01:45:31.084-0900][1.137s] GC(1) Old regions: 0->5
[2020-12-03T01:45:31.084-0900][1.137s] GC(1) Archive regions: 2->2
[2020-12-03T01:45:31.084-0900][1.137s] GC(1) Humongous regions: 4->4
[2020-12-03T01:45:31.084-0900][1.137s] GC(1) Metaspace: 15336K(16128K)->15336K(16128K) NonClass: 13492K(14080K)->13492K(14080K) Class: 1844K(2048K)->1844K(2048K)
[2020-12-03T01:45:31.084-0900][1.137s] GC(1) Pause Young (Normal) (G1 Evacuation Pause) 62M->16M(512M) 5.532ms
[2020-12-03T01:45:31.084-0900][1.137s] GC(1) User=0.05s Sys=0.01s Real=0.01s
[2020-12-03T01:45:31.512-0900][1.565s] GC(2) Pause Young (Concurrent Start) (Metadata GC Threshold)
[2020-12-03T01:45:31.512-0900][1.565s] GC(2) Using 10 workers of 10 for evacuation
[2020-12-03T01:45:31.517-0900][1.570s] GC(2)   Pre Evacuate Collection Set: 0.0ms
[2020-12-03T01:45:31.517-0900][1.570s] GC(2)   Merge Heap Roots: 0.0ms
[2020-12-03T01:45:31.517-0900][1.570s] GC(2)   Evacuate Collection Set: 4.3ms
[2020-12-03T01:45:31.517-0900][1.570s] GC(2)   Post Evacuate Collection Set: 0.5ms
[2020-12-03T01:45:31.517-0900][1.570s] GC(2)   Other: 0.2ms
[2020-12-03T01:45:31.517-0900][1.570s] GC(2) Eden regions: 52->0(266)
[2020-12-03T01:45:31.517-0900][1.570s] GC(2) Survivor regions: 8->16(39)
[2020-12-03T01:45:31.517-0900][1.570s] GC(2) Old regions: 5->5
[2020-12-03T01:45:31.517-0900][1.570s] GC(2) Archive regions: 2->2
[2020-12-03T01:45:31.517-0900][1.570s] GC(2) Humongous regions: 4->4
[2020-12-03T01:45:31.517-0900][1.570s] GC(2) Metaspace: 20443K(21296K)->20443K(21296K) NonClass: 18078K(18608K)->18078K(18608K) Class: 2365K(2688K)->2365K(2688K)
[2020-12-03T01:45:31.517-0900][1.570s] GC(2) Pause Young (Concurrent Start) (Metadata GC Threshold) 68M->24M(512M) 5.293ms
[2020-12-03T01:45:31.517-0900][1.570s] GC(2) User=0.05s Sys=0.00s Real=0.00s
[2020-12-03T01:45:31.518-0900][1.570s] GC(3) Concurrent Cycle
[2020-12-03T01:45:31.518-0900][1.571s] GC(3) Concurrent Clear Claimed Marks
[2020-12-03T01:45:31.518-0900][1.571s] GC(3) Concurrent Clear Claimed Marks 0.032ms
[2020-12-03T01:45:31.518-0900][1.571s] GC(3) Concurrent Scan Root Regions
[2020-12-03T01:45:31.520-0900][1.573s] GC(3) Concurrent Scan Root Regions 2.437ms
[2020-12-03T01:45:31.520-0900][1.573s] GC(3) Concurrent Mark (1.573s)
[2020-12-03T01:45:31.520-0900][1.573s] GC(3) Concurrent Mark From Roots
[2020-12-03T01:45:31.520-0900][1.573s] GC(3) Using 3 workers of 3 for marking
[2020-12-03T01:45:31.525-0900][1.578s] GC(3) Concurrent Mark From Roots 4.691ms
[2020-12-03T01:45:31.525-0900][1.578s] GC(3) Concurrent Preclean
[2020-12-03T01:45:31.525-0900][1.578s] GC(3) Concurrent Preclean 0.028ms
[2020-12-03T01:45:31.525-0900][1.578s] GC(3) Concurrent Mark (1.573s, 1.578s) 4.763ms
[2020-12-03T01:45:31.525-0900][1.578s] GC(3) Pause Remark
[2020-12-03T01:45:31.526-0900][1.579s] GC(3) Pause Remark 25M->25M(512M) 0.822ms
[2020-12-03T01:45:31.526-0900][1.579s] GC(3) User=0.01s Sys=0.00s Real=0.00s
[2020-12-03T01:45:31.526-0900][1.579s] GC(3) Concurrent Rebuild Remembered Sets
[2020-12-03T01:45:31.528-0900][1.581s] GC(3) Concurrent Rebuild Remembered Sets 1.889ms
[2020-12-03T01:45:31.528-0900][1.581s] GC(3) Pause Cleanup
[2020-12-03T01:45:31.528-0900][1.581s] GC(3) Pause Cleanup 25M->25M(512M) 0.082ms
[2020-12-03T01:45:31.528-0900][1.581s] GC(3) User=0.00s Sys=0.00s Real=0.00s
[2020-12-03T01:45:31.528-0900][1.581s] GC(3) Concurrent Cleanup for Next Mark
[2020-12-03T01:45:31.529-0900][1.582s] GC(3) Concurrent Cleanup for Next Mark 0.639ms
[2020-12-03T01:45:31.529-0900][1.582s] GC(3) Concurrent Cycle 11.312ms
[2020-12-03T01:45:32.916-0900][2.969s] GC(4) Pause Young (Concurrent Start) (Metadata GC Threshold)
[2020-12-03T01:45:32.916-0900][2.969s] GC(4) Using 10 workers of 10 for evacuation
[2020-12-03T01:45:32.924-0900][2.977s] GC(4)   Pre Evacuate Collection Set: 0.1ms
[2020-12-03T01:45:32.924-0900][2.977s] GC(4)   Merge Heap Roots: 0.1ms
[2020-12-03T01:45:32.924-0900][2.977s] GC(4)   Evacuate Collection Set: 7.2ms
[2020-12-03T01:45:32.924-0900][2.977s] GC(4)   Post Evacuate Collection Set: 0.9ms
[2020-12-03T01:45:32.924-0900][2.977s] GC(4)   Other: 0.3ms
[2020-12-03T01:45:32.925-0900][2.977s] GC(4) Eden regions: 195->0(281)
[2020-12-03T01:45:32.925-0900][2.978s] GC(4) Survivor regions: 16->26(39)
[2020-12-03T01:45:32.925-0900][2.978s] GC(4) Old regions: 5->5
[2020-12-03T01:45:32.925-0900][2.978s] GC(4) Archive regions: 2->2
[2020-12-03T01:45:32.925-0900][2.978s] GC(4) Humongous regions: 5->5
[2020-12-03T01:45:32.925-0900][2.978s] GC(4) Metaspace: 34761K(35888K)->34761K(35888K) NonClass: 30748K(31408K)->30748K(31408K) Class: 4013K(4480K)->4013K(4480K)
[2020-12-03T01:45:32.925-0900][2.978s] GC(4) Pause Young (Concurrent Start) (Metadata GC Threshold) 219M->35M(512M) 8.734ms
[2020-12-03T01:45:32.925-0900][2.978s] GC(4) User=0.08s Sys=0.00s Real=0.01s
[2020-12-03T01:45:32.925-0900][2.978s] GC(5) Concurrent Cycle
[2020-12-03T01:45:32.925-0900][2.978s] GC(5) Concurrent Clear Claimed Marks
[2020-12-03T01:45:32.925-0900][2.978s] GC(5) Concurrent Clear Claimed Marks 0.057ms
[2020-12-03T01:45:32.925-0900][2.978s] GC(5) Concurrent Scan Root Regions
[2020-12-03T01:45:32.930-0900][2.983s] GC(5) Concurrent Scan Root Regions 5.184ms
[2020-12-03T01:45:32.930-0900][2.983s] GC(5) Concurrent Mark (2.983s)
[2020-12-03T01:45:32.930-0900][2.983s] GC(5) Concurrent Mark From Roots
[2020-12-03T01:45:32.930-0900][2.983s] GC(5) Using 3 workers of 3 for marking
[2020-12-03T01:45:32.936-0900][2.989s] GC(5) Concurrent Mark From Roots 5.495ms
[2020-12-03T01:45:32.936-0900][2.989s] GC(5) Concurrent Preclean
[2020-12-03T01:45:32.936-0900][2.989s] GC(5) Concurrent Preclean 0.044ms
[2020-12-03T01:45:32.936-0900][2.989s] GC(5) Concurrent Mark (2.983s, 2.989s) 5.642ms
[2020-12-03T01:45:32.936-0900][2.989s] GC(5) Pause Remark
[2020-12-03T01:45:32.937-0900][2.990s] GC(5) Pause Remark 40M->40M(512M) 1.609ms
[2020-12-03T01:45:32.938-0900][2.991s] GC(5) User=0.02s Sys=0.00s Real=0.00s
[2020-12-03T01:45:32.938-0900][2.991s] GC(5) Concurrent Rebuild Remembered Sets
[2020-12-03T01:45:32.941-0900][2.994s] GC(5) Concurrent Rebuild Remembered Sets 3.548ms
[2020-12-03T01:45:32.942-0900][2.995s] GC(5) Pause Cleanup
[2020-12-03T01:45:32.942-0900][2.995s] GC(5) Pause Cleanup 41M->41M(512M) 0.083ms
[2020-12-03T01:45:32.942-0900][2.995s] GC(5) User=0.00s Sys=0.00s Real=0.00s
[2020-12-03T01:45:32.942-0900][2.995s] GC(5) Concurrent Cleanup for Next Mark
[2020-12-03T01:45:32.942-0900][2.995s] GC(5) Concurrent Cleanup for Next Mark 0.763ms
[2020-12-03T01:45:32.943-0900][2.996s] GC(5) Concurrent Cycle 17.878ms
[2020-12-03T01:45:33.140-0900][3.193s] GC(6) Pause Young (Normal) (G1 Evacuation Pause)
[2020-12-03T01:45:33.140-0900][3.193s] GC(6) Using 10 workers of 10 for evacuation
[2020-12-03T01:45:33.149-0900][3.202s] GC(6)   Pre Evacuate Collection Set: 0.1ms
[2020-12-03T01:45:33.149-0900][3.202s] GC(6)   Merge Heap Roots: 0.1ms
[2020-12-03T01:45:33.149-0900][3.202s] GC(6)   Evacuate Collection Set: 7.2ms
[2020-12-03T01:45:33.149-0900][3.202s] GC(6)   Post Evacuate Collection Set: 0.7ms
[2020-12-03T01:45:33.149-0900][3.202s] GC(6)   Other: 0.2ms
[2020-12-03T01:45:33.149-0900][3.202s] GC(6) Eden regions: 281->0(286)
[2020-12-03T01:45:33.149-0900][3.202s] GC(6) Survivor regions: 26->21(39)
[2020-12-03T01:45:33.149-0900][3.202s] GC(6) Old regions: 5->13
[2020-12-03T01:45:33.149-0900][3.202s] GC(6) Archive regions: 2->2
[2020-12-03T01:45:33.149-0900][3.202s] GC(6) Humongous regions: 6->5
[2020-12-03T01:45:33.149-0900][3.202s] GC(6) Metaspace: 37308K(38448K)->37308K(38448K) NonClass: 32928K(33712K)->32928K(33712K) Class: 4379K(4736K)->4379K(4736K)
[2020-12-03T01:45:33.149-0900][3.202s] GC(6) Pause Young (Normal) (G1 Evacuation Pause) 317M->38M(512M) 8.293ms
[2020-12-03T01:45:33.149-0900][3.202s] GC(6) User=0.08s Sys=0.00s Real=0.00s
[2020-12-03T01:45:33.542-0900][3.595s] GC(7) Pause Young (Normal) (G1 Evacuation Pause)
[2020-12-03T01:45:33.542-0900][3.595s] GC(7) Using 10 workers of 10 for evacuation
[2020-12-03T01:45:33.546-0900][3.599s] GC(7)   Pre Evacuate Collection Set: 0.1ms
[2020-12-03T01:45:33.546-0900][3.599s] GC(7)   Merge Heap Roots: 0.0ms
[2020-12-03T01:45:33.546-0900][3.599s] GC(7)   Evacuate Collection Set: 3.7ms
[2020-12-03T01:45:33.546-0900][3.599s] GC(7)   Post Evacuate Collection Set: 0.5ms
[2020-12-03T01:45:33.546-0900][3.599s] GC(7)   Other: 0.1ms
[2020-12-03T01:45:33.546-0900][3.599s] GC(7) Eden regions: 286->0(286)
[2020-12-03T01:45:33.546-0900][3.599s] GC(7) Survivor regions: 21->21(39)
[2020-12-03T01:45:33.546-0900][3.599s] GC(7) Old regions: 13->13
[2020-12-03T01:45:33.546-0900][3.599s] GC(7) Archive regions: 2->2
[2020-12-03T01:45:33.546-0900][3.599s] GC(7) Humongous regions: 5->5
[2020-12-03T01:45:33.546-0900][3.599s] GC(7) Metaspace: 41500K(42928K)->41500K(42928K) NonClass: 36589K(37552K)->36589K(37552K) Class: 4911K(5376K)->4911K(5376K)
[2020-12-03T01:45:33.546-0900][3.599s] GC(7) Pause Young (Normal) (G1 Evacuation Pause) 324M->38M(512M) 4.513ms
[2020-12-03T01:45:33.547-0900][3.600s] GC(7) User=0.04s Sys=0.00s Real=0.00s
[2020-12-03T02:02:00.367-0900][990.432s] Heap
[2020-12-03T02:02:00.368-0900][990.432s]  garbage-first heap   total 524288K, used 270196K [0x00000007e0000000, 0x0000000800000000)
[2020-12-03T02:02:00.368-0900][990.432s]   region size 1024K, 244 young (249856K), 21 survivors (21504K)
[2020-12-03T02:02:00.368-0900][990.432s]  Metaspace       used 50910K, capacity 52012K, committed 52272K, reserved 1095680K
[2020-12-03T02:02:00.368-0900][990.432s]   class space    used 6094K, capacity 6521K, committed 6528K, reserved 1048576K
