[2020-12-03T01:21:41.556-0900][0.010s] Heap region size: 1M
[2020-12-03T01:21:41.556-0900][0.011s] Heap address: 0x00000007e0000000, size: 512 MB, Compressed Oops mode: Zero based, Oop shift amount: 3
[2020-12-03T01:21:41.760-0900][0.215s] Using G1
[2020-12-03T01:21:41.761-0900][0.215s] Mark closed archive regions in map: [0x00000007fff00000, 0x00000007fff7aff8]
[2020-12-03T01:21:41.761-0900][0.215s] Mark open archive regions in map: [0x00000007ffe00000, 0x00000007ffe50ff8]
[2020-12-03T01:21:41.777-0900][0.231s] Periodic GC disabled
[2020-12-03T01:21:42.072-0900][0.526s] GC(0) Pause Young (Normal) (G1 Evacuation Pause)
[2020-12-03T01:21:42.072-0900][0.527s] GC(0) Using 10 workers of 10 for evacuation
[2020-12-03T01:21:42.074-0900][0.528s] GC(0)   Pre Evacuate Collection Set: 0.1ms
[2020-12-03T01:21:42.074-0900][0.528s] GC(0)   Merge Heap Roots: 0.0ms
[2020-12-03T01:21:42.074-0900][0.528s] GC(0)   Evacuate Collection Set: 0.9ms
[2020-12-03T01:21:42.074-0900][0.528s] GC(0)   Post Evacuate Collection Set: 0.2ms
[2020-12-03T01:21:42.074-0900][0.528s] GC(0)   Other: 0.4ms
[2020-12-03T01:21:42.074-0900][0.528s] GC(0) Eden regions: 29->0(56)
[2020-12-03T01:21:42.074-0900][0.528s] GC(0) Survivor regions: 0->3(4)
[2020-12-03T01:21:42.074-0900][0.528s] GC(0) Old regions: 0->0
[2020-12-03T01:21:42.074-0900][0.528s] GC(0) Archive regions: 2->2
[2020-12-03T01:21:42.074-0900][0.528s] GC(0) Humongous regions: 0->0
[2020-12-03T01:21:42.074-0900][0.528s] GC(0) Metaspace: 5554K(7552K)->5554K(7552K) NonClass: 4887K(6656K)->4887K(6656K) Class: 666K(896K)->666K(896K)
[2020-12-03T01:21:42.074-0900][0.528s] GC(0) Pause Young (Normal) (G1 Evacuation Pause) 29M->3M(512M) 1.737ms
[2020-12-03T01:21:42.074-0900][0.528s] GC(0) User=0.01s Sys=0.00s Real=0.00s
[2020-12-03T01:21:42.502-0900][0.956s] GC(1) Pause Young (Normal) (G1 Evacuation Pause)
[2020-12-03T01:21:42.502-0900][0.956s] GC(1) Using 10 workers of 10 for evacuation
[2020-12-03T01:21:42.508-0900][0.962s] GC(1)   Pre Evacuate Collection Set: 0.1ms
[2020-12-03T01:21:42.508-0900][0.962s] GC(1)   Merge Heap Roots: 0.0ms
[2020-12-03T01:21:42.508-0900][0.962s] GC(1)   Evacuate Collection Set: 5.4ms
[2020-12-03T01:21:42.508-0900][0.962s] GC(1)   Post Evacuate Collection Set: 0.3ms
[2020-12-03T01:21:42.508-0900][0.962s] GC(1)   Other: 0.1ms
[2020-12-03T01:21:42.508-0900][0.962s] GC(1) Eden regions: 55->0(299)
[2020-12-03T01:21:42.508-0900][0.962s] GC(1) Survivor regions: 3->8(8)
[2020-12-03T01:21:42.508-0900][0.962s] GC(1) Old regions: 0->4
[2020-12-03T01:21:42.508-0900][0.962s] GC(1) Archive regions: 2->2
[2020-12-03T01:21:42.508-0900][0.962s] GC(1) Humongous regions: 4->4
[2020-12-03T01:21:42.508-0900][0.962s] GC(1) Metaspace: 15279K(15872K)->15279K(15872K) NonClass: 13435K(13824K)->13435K(13824K) Class: 1844K(2048K)->1844K(2048K)
[2020-12-03T01:21:42.508-0900][0.962s] GC(1) Pause Young (Normal) (G1 Evacuation Pause) 62M->16M(512M) 6.057ms
[2020-12-03T01:21:42.508-0900][0.962s] GC(1) User=0.06s Sys=0.00s Real=0.00s
[2020-12-03T01:21:42.785-0900][1.239s] GC(2) Pause Young (Concurrent Start) (Metadata GC Threshold)
[2020-12-03T01:21:42.785-0900][1.239s] GC(2) Using 10 workers of 10 for evacuation
[2020-12-03T01:21:42.790-0900][1.244s] GC(2)   Pre Evacuate Collection Set: 0.1ms
[2020-12-03T01:21:42.790-0900][1.244s] GC(2)   Merge Heap Roots: 0.1ms
[2020-12-03T01:21:42.790-0900][1.244s] GC(2)   Evacuate Collection Set: 4.0ms
[2020-12-03T01:21:42.790-0900][1.244s] GC(2)   Post Evacuate Collection Set: 0.5ms
[2020-12-03T01:21:42.790-0900][1.244s] GC(2)   Other: 0.3ms
[2020-12-03T01:21:42.790-0900][1.244s] GC(2) Eden regions: 55->0(291)
[2020-12-03T01:21:42.790-0900][1.244s] GC(2) Survivor regions: 8->16(39)
[2020-12-03T01:21:42.790-0900][1.244s] GC(2) Old regions: 4->4
[2020-12-03T01:21:42.790-0900][1.244s] GC(2) Archive regions: 2->2
[2020-12-03T01:21:42.790-0900][1.244s] GC(2) Humongous regions: 4->4
[2020-12-03T01:21:42.790-0900][1.244s] GC(2) Metaspace: 20527K(21296K)->20527K(21296K) NonClass: 18145K(18608K)->18145K(18608K) Class: 2382K(2688K)->2382K(2688K)
[2020-12-03T01:21:42.790-0900][1.244s] GC(2) Pause Young (Concurrent Start) (Metadata GC Threshold) 71M->24M(512M) 5.081ms
[2020-12-03T01:21:42.790-0900][1.244s] GC(2) User=0.04s Sys=0.01s Real=0.01s
[2020-12-03T01:21:42.790-0900][1.245s] GC(3) Concurrent Cycle
[2020-12-03T01:21:42.790-0900][1.245s] GC(3) Concurrent Clear Claimed Marks
[2020-12-03T01:21:42.790-0900][1.245s] GC(3) Concurrent Clear Claimed Marks 0.028ms
[2020-12-03T01:21:42.790-0900][1.245s] GC(3) Concurrent Scan Root Regions
[2020-12-03T01:21:42.793-0900][1.247s] GC(3) Concurrent Scan Root Regions 2.416ms
[2020-12-03T01:21:42.793-0900][1.247s] GC(3) Concurrent Mark (1.247s)
[2020-12-03T01:21:42.793-0900][1.247s] GC(3) Concurrent Mark From Roots
[2020-12-03T01:21:42.793-0900][1.247s] GC(3) Using 3 workers of 3 for marking
[2020-12-03T01:21:42.797-0900][1.252s] GC(3) Concurrent Mark From Roots 4.503ms
[2020-12-03T01:21:42.797-0900][1.252s] GC(3) Concurrent Preclean
[2020-12-03T01:21:42.797-0900][1.252s] GC(3) Concurrent Preclean 0.057ms
[2020-12-03T01:21:42.797-0900][1.252s] GC(3) Concurrent Mark (1.247s, 1.252s) 4.671ms
[2020-12-03T01:21:42.797-0900][1.252s] GC(3) Pause Remark
[2020-12-03T01:21:42.798-0900][1.253s] GC(3) Pause Remark 25M->25M(512M) 0.983ms
[2020-12-03T01:21:42.798-0900][1.253s] GC(3) User=0.01s Sys=0.00s Real=0.00s
[2020-12-03T01:21:42.799-0900][1.253s] GC(3) Concurrent Rebuild Remembered Sets
[2020-12-03T01:21:42.801-0900][1.255s] GC(3) Concurrent Rebuild Remembered Sets 2.052ms
[2020-12-03T01:21:42.801-0900][1.255s] GC(3) Pause Cleanup
[2020-12-03T01:21:42.801-0900][1.255s] GC(3) Pause Cleanup 25M->25M(512M) 0.092ms
[2020-12-03T01:21:42.801-0900][1.255s] GC(3) User=0.00s Sys=0.00s Real=0.00s
[2020-12-03T01:21:42.801-0900][1.255s] GC(3) Concurrent Cleanup for Next Mark
[2020-12-03T01:21:42.802-0900][1.256s] GC(3) Concurrent Cleanup for Next Mark 0.641ms
[2020-12-03T01:21:42.802-0900][1.256s] GC(3) Concurrent Cycle 11.475ms
[2020-12-03T01:21:43.700-0900][2.154s] GC(4) Pause Young (Concurrent Start) (Metadata GC Threshold)
[2020-12-03T01:21:43.700-0900][2.154s] GC(4) Using 10 workers of 10 for evacuation
[2020-12-03T01:21:43.708-0900][2.162s] GC(4)   Pre Evacuate Collection Set: 0.1ms
[2020-12-03T01:21:43.708-0900][2.162s] GC(4)   Merge Heap Roots: 0.1ms
[2020-12-03T01:21:43.708-0900][2.162s] GC(4)   Evacuate Collection Set: 7.5ms
[2020-12-03T01:21:43.708-0900][2.162s] GC(4)   Post Evacuate Collection Set: 0.7ms
[2020-12-03T01:21:43.708-0900][2.163s] GC(4)   Other: 0.2ms
[2020-12-03T01:21:43.708-0900][2.163s] GC(4) Eden regions: 191->0(282)
[2020-12-03T01:21:43.708-0900][2.163s] GC(4) Survivor regions: 16->25(39)
[2020-12-03T01:21:43.708-0900][2.163s] GC(4) Old regions: 4->4
[2020-12-03T01:21:43.708-0900][2.163s] GC(4) Archive regions: 2->2
[2020-12-03T01:21:43.708-0900][2.163s] GC(4) Humongous regions: 6->5
[2020-12-03T01:21:43.708-0900][2.163s] GC(4) Metaspace: 34760K(35888K)->34760K(35888K) NonClass: 30733K(31408K)->30733K(31408K) Class: 4027K(4480K)->4027K(4480K)
[2020-12-03T01:21:43.708-0900][2.163s] GC(4) Pause Young (Concurrent Start) (Metadata GC Threshold) 217M->34M(512M) 8.721ms
[2020-12-03T01:21:43.708-0900][2.163s] GC(4) User=0.08s Sys=0.00s Real=0.00s
[2020-12-03T01:21:43.708-0900][2.163s] GC(5) Concurrent Cycle
[2020-12-03T01:21:43.708-0900][2.163s] GC(5) Concurrent Clear Claimed Marks
[2020-12-03T01:21:43.708-0900][2.163s] GC(5) Concurrent Clear Claimed Marks 0.050ms
[2020-12-03T01:21:43.708-0900][2.163s] GC(5) Concurrent Scan Root Regions
[2020-12-03T01:21:43.713-0900][2.167s] GC(5) Concurrent Scan Root Regions 4.114ms
[2020-12-03T01:21:43.713-0900][2.167s] GC(5) Concurrent Mark (2.167s)
[2020-12-03T01:21:43.713-0900][2.167s] GC(5) Concurrent Mark From Roots
[2020-12-03T01:21:43.713-0900][2.167s] GC(5) Using 3 workers of 3 for marking
[2020-12-03T01:21:43.717-0900][2.171s] GC(5) Concurrent Mark From Roots 4.305ms
[2020-12-03T01:21:43.717-0900][2.171s] GC(5) Concurrent Preclean
[2020-12-03T01:21:43.717-0900][2.171s] GC(5) Concurrent Preclean 0.040ms
[2020-12-03T01:21:43.717-0900][2.171s] GC(5) Concurrent Mark (2.167s, 2.171s) 4.410ms
[2020-12-03T01:21:43.717-0900][2.171s] GC(5) Pause Remark
[2020-12-03T01:21:43.718-0900][2.173s] GC(5) Pause Remark 38M->38M(512M) 1.207ms
[2020-12-03T01:21:43.718-0900][2.173s] GC(5) User=0.01s Sys=0.01s Real=0.00s
[2020-12-03T01:21:43.718-0900][2.173s] GC(5) Concurrent Rebuild Remembered Sets
[2020-12-03T01:21:43.721-0900][2.175s] GC(5) Concurrent Rebuild Remembered Sets 2.578ms
[2020-12-03T01:21:43.721-0900][2.176s] GC(5) Pause Cleanup
[2020-12-03T01:21:43.721-0900][2.176s] GC(5) Pause Cleanup 39M->39M(512M) 0.102ms
[2020-12-03T01:21:43.721-0900][2.176s] GC(5) User=0.00s Sys=0.00s Real=0.00s
[2020-12-03T01:21:43.721-0900][2.176s] GC(5) Concurrent Cleanup for Next Mark
[2020-12-03T01:21:43.722-0900][2.177s] GC(5) Concurrent Cleanup for Next Mark 0.730ms
[2020-12-03T01:21:43.722-0900][2.177s] GC(5) Concurrent Cycle 13.923ms
[2020-12-03T01:21:43.942-0900][2.396s] GC(6) Pause Young (Normal) (G1 Evacuation Pause)
[2020-12-03T01:21:43.942-0900][2.396s] GC(6) Using 10 workers of 10 for evacuation
[2020-12-03T01:21:43.950-0900][2.405s] GC(6)   Pre Evacuate Collection Set: 0.1ms
[2020-12-03T01:21:43.950-0900][2.405s] GC(6)   Merge Heap Roots: 0.1ms
[2020-12-03T01:21:43.950-0900][2.405s] GC(6)   Evacuate Collection Set: 7.5ms
[2020-12-03T01:21:43.950-0900][2.405s] GC(6)   Post Evacuate Collection Set: 0.9ms
[2020-12-03T01:21:43.950-0900][2.405s] GC(6)   Other: 0.2ms
[2020-12-03T01:21:43.950-0900][2.405s] GC(6) Eden regions: 282->0(286)
[2020-12-03T01:21:43.950-0900][2.405s] GC(6) Survivor regions: 25->21(39)
[2020-12-03T01:21:43.950-0900][2.405s] GC(6) Old regions: 4->12
[2020-12-03T01:21:43.950-0900][2.405s] GC(6) Archive regions: 2->2
[2020-12-03T01:21:43.950-0900][2.405s] GC(6) Humongous regions: 5->5
[2020-12-03T01:21:43.950-0900][2.405s] GC(6) Metaspace: 37257K(38448K)->37257K(38448K) NonClass: 32876K(33712K)->32876K(33712K) Class: 4380K(4736K)->4380K(4736K)
[2020-12-03T01:21:43.950-0900][2.405s] GC(6) Pause Young (Normal) (G1 Evacuation Pause) 316M->38M(512M) 8.805ms
[2020-12-03T01:21:43.950-0900][2.405s] GC(6) User=0.08s Sys=0.01s Real=0.01s
[2020-12-03T01:21:44.323-0900][2.778s] GC(7) Pause Young (Normal) (G1 Evacuation Pause)
[2020-12-03T01:21:44.324-0900][2.778s] GC(7) Using 10 workers of 10 for evacuation
[2020-12-03T01:21:44.328-0900][2.783s] GC(7)   Pre Evacuate Collection Set: 0.1ms
[2020-12-03T01:21:44.328-0900][2.783s] GC(7)   Merge Heap Roots: 0.1ms
[2020-12-03T01:21:44.328-0900][2.783s] GC(7)   Evacuate Collection Set: 3.9ms
[2020-12-03T01:21:44.328-0900][2.783s] GC(7)   Post Evacuate Collection Set: 0.5ms
[2020-12-03T01:21:44.328-0900][2.783s] GC(7)   Other: 0.1ms
[2020-12-03T01:21:44.328-0900][2.783s] GC(7) Eden regions: 286->0(285)
[2020-12-03T01:21:44.328-0900][2.783s] GC(7) Survivor regions: 21->22(39)
[2020-12-03T01:21:44.328-0900][2.783s] GC(7) Old regions: 12->12
[2020-12-03T01:21:44.328-0900][2.783s] GC(7) Archive regions: 2->2
[2020-12-03T01:21:44.328-0900][2.783s] GC(7) Humongous regions: 5->5
[2020-12-03T01:21:44.328-0900][2.783s] GC(7) Metaspace: 41417K(42672K)->41417K(42672K) NonClass: 36505K(37296K)->36505K(37296K) Class: 4911K(5376K)->4911K(5376K)
[2020-12-03T01:21:44.328-0900][2.783s] GC(7) Pause Young (Normal) (G1 Evacuation Pause) 324M->38M(512M) 4.828ms
[2020-12-03T01:21:44.328-0900][2.783s] GC(7) User=0.05s Sys=0.00s Real=0.00s
[2020-12-03T01:22:13.248-0900][31.703s] Heap
[2020-12-03T01:22:13.248-0900][31.703s]  garbage-first heap   total 524288K, used 247739K [0x00000007e0000000, 0x0000000800000000)
[2020-12-03T01:22:13.248-0900][31.703s]   region size 1024K, 223 young (228352K), 22 survivors (22528K)
[2020-12-03T01:22:13.248-0900][31.703s]  Metaspace       used 50221K, capacity 51370K, committed 51504K, reserved 1093632K
[2020-12-03T01:22:13.248-0900][31.703s]   class space    used 6024K, capacity 6458K, committed 6528K, reserved 1048576K
