[2020-12-03T01:17:39.089-0900][0.011s] Heap region size: 1M
[2020-12-03T01:17:39.089-0900][0.011s] Heap address: 0x00000007e0000000, size: 512 MB, Compressed Oops mode: Zero based, Oop shift amount: 3
[2020-12-03T01:17:39.289-0900][0.211s] Using G1
[2020-12-03T01:17:39.290-0900][0.212s] Mark closed archive regions in map: [0x00000007fff00000, 0x00000007fff7aff8]
[2020-12-03T01:17:39.290-0900][0.212s] Mark open archive regions in map: [0x00000007ffe00000, 0x00000007ffe50ff8]
[2020-12-03T01:17:39.306-0900][0.228s] Periodic GC disabled
[2020-12-03T01:17:39.636-0900][0.558s] GC(0) Pause Young (Normal) (G1 Evacuation Pause)
[2020-12-03T01:17:39.636-0900][0.558s] GC(0) Using 10 workers of 10 for evacuation
[2020-12-03T01:17:39.638-0900][0.560s] GC(0)   Pre Evacuate Collection Set: 0.1ms
[2020-12-03T01:17:39.638-0900][0.560s] GC(0)   Merge Heap Roots: 0.1ms
[2020-12-03T01:17:39.638-0900][0.560s] GC(0)   Evacuate Collection Set: 1.1ms
[2020-12-03T01:17:39.638-0900][0.560s] GC(0)   Post Evacuate Collection Set: 0.3ms
[2020-12-03T01:17:39.638-0900][0.560s] GC(0)   Other: 0.4ms
[2020-12-03T01:17:39.638-0900][0.560s] GC(0) Eden regions: 29->0(56)
[2020-12-03T01:17:39.638-0900][0.560s] GC(0) Survivor regions: 0->3(4)
[2020-12-03T01:17:39.638-0900][0.560s] GC(0) Old regions: 0->0
[2020-12-03T01:17:39.638-0900][0.560s] GC(0) Archive regions: 2->2
[2020-12-03T01:17:39.638-0900][0.560s] GC(0) Humongous regions: 0->0
[2020-12-03T01:17:39.638-0900][0.560s] GC(0) Metaspace: 5539K(7552K)->5539K(7552K) NonClass: 4877K(6656K)->4877K(6656K) Class: 662K(896K)->662K(896K)
[2020-12-03T01:17:39.638-0900][0.560s] GC(0) Pause Young (Normal) (G1 Evacuation Pause) 29M->3M(512M) 2.106ms
[2020-12-03T01:17:39.638-0900][0.560s] GC(0) User=0.01s Sys=0.00s Real=0.00s
[2020-12-03T01:17:40.350-0900][1.272s] GC(1) Pause Young (Normal) (G1 Evacuation Pause)
[2020-12-03T01:17:40.350-0900][1.272s] GC(1) Using 10 workers of 10 for evacuation
[2020-12-03T01:17:40.356-0900][1.278s] GC(1)   Pre Evacuate Collection Set: 0.1ms
[2020-12-03T01:17:40.356-0900][1.278s] GC(1)   Merge Heap Roots: 0.0ms
[2020-12-03T01:17:40.356-0900][1.278s] GC(1)   Evacuate Collection Set: 5.8ms
[2020-12-03T01:17:40.356-0900][1.278s] GC(1)   Post Evacuate Collection Set: 0.4ms
[2020-12-03T01:17:40.356-0900][1.278s] GC(1)   Other: 0.1ms
[2020-12-03T01:17:40.356-0900][1.278s] GC(1) Eden regions: 56->0(299)
[2020-12-03T01:17:40.356-0900][1.278s] GC(1) Survivor regions: 3->8(8)
[2020-12-03T01:17:40.356-0900][1.278s] GC(1) Old regions: 0->4
[2020-12-03T01:17:40.356-0900][1.278s] GC(1) Archive regions: 2->2
[2020-12-03T01:17:40.356-0900][1.278s] GC(1) Humongous regions: 4->4
[2020-12-03T01:17:40.356-0900][1.278s] GC(1) Metaspace: 15315K(16128K)->15315K(16128K) NonClass: 13471K(14080K)->13471K(14080K) Class: 1844K(2048K)->1844K(2048K)
[2020-12-03T01:17:40.356-0900][1.278s] GC(1) Pause Young (Normal) (G1 Evacuation Pause) 63M->16M(512M) 6.545ms
[2020-12-03T01:17:40.356-0900][1.278s] GC(1) User=0.06s Sys=0.01s Real=0.00s
[2020-12-03T01:17:40.745-0900][1.666s] GC(2) Pause Young (Concurrent Start) (Metadata GC Threshold)
[2020-12-03T01:17:40.745-0900][1.666s] GC(2) Using 10 workers of 10 for evacuation
[2020-12-03T01:17:40.750-0900][1.672s] GC(2)   Pre Evacuate Collection Set: 0.1ms
[2020-12-03T01:17:40.750-0900][1.672s] GC(2)   Merge Heap Roots: 0.0ms
[2020-12-03T01:17:40.750-0900][1.672s] GC(2)   Evacuate Collection Set: 4.9ms
[2020-12-03T01:17:40.750-0900][1.672s] GC(2)   Post Evacuate Collection Set: 0.6ms
[2020-12-03T01:17:40.750-0900][1.672s] GC(2)   Other: 0.2ms
[2020-12-03T01:17:40.750-0900][1.672s] GC(2) Eden regions: 54->0(292)
[2020-12-03T01:17:40.751-0900][1.672s] GC(2) Survivor regions: 8->15(39)
[2020-12-03T01:17:40.751-0900][1.672s] GC(2) Old regions: 4->4
[2020-12-03T01:17:40.751-0900][1.672s] GC(2) Archive regions: 2->2
[2020-12-03T01:17:40.751-0900][1.672s] GC(2) Humongous regions: 4->4
[2020-12-03T01:17:40.751-0900][1.672s] GC(2) Metaspace: 20622K(21296K)->20622K(21296K) NonClass: 18236K(18608K)->18236K(18608K) Class: 2385K(2688K)->2385K(2688K)
[2020-12-03T01:17:40.751-0900][1.672s] GC(2) Pause Young (Concurrent Start) (Metadata GC Threshold) 70M->23M(512M) 5.989ms
[2020-12-03T01:17:40.751-0900][1.672s] GC(2) User=0.05s Sys=0.00s Real=0.01s
[2020-12-03T01:17:40.751-0900][1.673s] GC(3) Concurrent Cycle
[2020-12-03T01:17:40.751-0900][1.673s] GC(3) Concurrent Clear Claimed Marks
[2020-12-03T01:17:40.751-0900][1.673s] GC(3) Concurrent Clear Claimed Marks 0.035ms
[2020-12-03T01:17:40.751-0900][1.673s] GC(3) Concurrent Scan Root Regions
[2020-12-03T01:17:40.753-0900][1.675s] GC(3) Concurrent Scan Root Regions 2.279ms
[2020-12-03T01:17:40.753-0900][1.675s] GC(3) Concurrent Mark (1.675s)
[2020-12-03T01:17:40.753-0900][1.675s] GC(3) Concurrent Mark From Roots
[2020-12-03T01:17:40.753-0900][1.675s] GC(3) Using 3 workers of 3 for marking
[2020-12-03T01:17:40.757-0900][1.679s] GC(3) Concurrent Mark From Roots 3.818ms
[2020-12-03T01:17:40.757-0900][1.679s] GC(3) Concurrent Preclean
[2020-12-03T01:17:40.757-0900][1.679s] GC(3) Concurrent Preclean 0.035ms
[2020-12-03T01:17:40.757-0900][1.679s] GC(3) Concurrent Mark (1.675s, 1.679s) 3.896ms
[2020-12-03T01:17:40.757-0900][1.679s] GC(3) Pause Remark
[2020-12-03T01:17:40.758-0900][1.680s] GC(3) Pause Remark 24M->24M(512M) 0.733ms
[2020-12-03T01:17:40.758-0900][1.680s] GC(3) User=0.01s Sys=0.00s Real=0.00s
[2020-12-03T01:17:40.758-0900][1.680s] GC(3) Concurrent Rebuild Remembered Sets
[2020-12-03T01:17:40.760-0900][1.682s] GC(3) Concurrent Rebuild Remembered Sets 2.113ms
[2020-12-03T01:17:40.760-0900][1.682s] GC(3) Pause Cleanup
[2020-12-03T01:17:40.760-0900][1.682s] GC(3) Pause Cleanup 24M->24M(512M) 0.077ms
[2020-12-03T01:17:40.760-0900][1.682s] GC(3) User=0.00s Sys=0.00s Real=0.00s
[2020-12-03T01:17:40.760-0900][1.682s] GC(3) Concurrent Cleanup for Next Mark
[2020-12-03T01:17:40.761-0900][1.683s] GC(3) Concurrent Cleanup for Next Mark 0.588ms
[2020-12-03T01:17:40.761-0900][1.683s] GC(3) Concurrent Cycle 10.320ms
[2020-12-03T01:17:41.714-0900][2.635s] GC(4) Pause Young (Concurrent Start) (Metadata GC Threshold)
[2020-12-03T01:17:41.714-0900][2.636s] GC(4) Using 10 workers of 10 for evacuation
[2020-12-03T01:17:41.722-0900][2.644s] GC(4)   Pre Evacuate Collection Set: 0.1ms
[2020-12-03T01:17:41.722-0900][2.644s] GC(4)   Merge Heap Roots: 0.1ms
[2020-12-03T01:17:41.722-0900][2.644s] GC(4)   Evacuate Collection Set: 6.9ms
[2020-12-03T01:17:41.722-0900][2.644s] GC(4)   Post Evacuate Collection Set: 0.8ms
[2020-12-03T01:17:41.722-0900][2.644s] GC(4)   Other: 0.3ms
[2020-12-03T01:17:41.722-0900][2.644s] GC(4) Eden regions: 192->0(281)
[2020-12-03T01:17:41.722-0900][2.644s] GC(4) Survivor regions: 15->26(39)
[2020-12-03T01:17:41.722-0900][2.644s] GC(4) Old regions: 4->4
[2020-12-03T01:17:41.722-0900][2.644s] GC(4) Archive regions: 2->2
[2020-12-03T01:17:41.722-0900][2.644s] GC(4) Humongous regions: 6->5
[2020-12-03T01:17:41.722-0900][2.644s] GC(4) Metaspace: 34829K(35888K)->34829K(35888K) NonClass: 30801K(31408K)->30801K(31408K) Class: 4028K(4480K)->4028K(4480K)
[2020-12-03T01:17:41.722-0900][2.644s] GC(4) Pause Young (Concurrent Start) (Metadata GC Threshold) 217M->35M(512M) 8.385ms
[2020-12-03T01:17:41.722-0900][2.644s] GC(4) User=0.07s Sys=0.01s Real=0.01s
[2020-12-03T01:17:41.722-0900][2.644s] GC(5) Concurrent Cycle
[2020-12-03T01:17:41.722-0900][2.644s] GC(5) Concurrent Clear Claimed Marks
[2020-12-03T01:17:41.722-0900][2.644s] GC(5) Concurrent Clear Claimed Marks 0.056ms
[2020-12-03T01:17:41.722-0900][2.644s] GC(5) Concurrent Scan Root Regions
[2020-12-03T01:17:41.727-0900][2.649s] GC(5) Concurrent Scan Root Regions 4.848ms
[2020-12-03T01:17:41.727-0900][2.649s] GC(5) Concurrent Mark (2.649s)
[2020-12-03T01:17:41.727-0900][2.649s] GC(5) Concurrent Mark From Roots
[2020-12-03T01:17:41.727-0900][2.649s] GC(5) Using 3 workers of 3 for marking
[2020-12-03T01:17:41.732-0900][2.654s] GC(5) Concurrent Mark From Roots 5.081ms
[2020-12-03T01:17:41.732-0900][2.654s] GC(5) Concurrent Preclean
[2020-12-03T01:17:41.732-0900][2.654s] GC(5) Concurrent Preclean 0.035ms
[2020-12-03T01:17:41.732-0900][2.654s] GC(5) Concurrent Mark (2.649s, 2.654s) 5.185ms
[2020-12-03T01:17:41.732-0900][2.654s] GC(5) Pause Remark
[2020-12-03T01:17:41.734-0900][2.655s] GC(5) Pause Remark 39M->39M(512M) 1.241ms
[2020-12-03T01:17:41.734-0900][2.655s] GC(5) User=0.01s Sys=0.00s Real=0.00s
[2020-12-03T01:17:41.734-0900][2.656s] GC(5) Concurrent Rebuild Remembered Sets
[2020-12-03T01:17:41.737-0900][2.658s] GC(5) Concurrent Rebuild Remembered Sets 2.824ms
[2020-12-03T01:17:41.737-0900][2.659s] GC(5) Pause Cleanup
[2020-12-03T01:17:41.737-0900][2.659s] GC(5) Pause Cleanup 39M->39M(512M) 0.100ms
[2020-12-03T01:17:41.737-0900][2.659s] GC(5) User=0.00s Sys=0.00s Real=0.00s
[2020-12-03T01:17:41.737-0900][2.659s] GC(5) Concurrent Cleanup for Next Mark
[2020-12-03T01:17:41.738-0900][2.660s] GC(5) Concurrent Cleanup for Next Mark 0.864ms
[2020-12-03T01:17:41.738-0900][2.660s] GC(5) Concurrent Cycle 15.949ms
[2020-12-03T01:17:41.941-0900][2.863s] GC(6) Pause Young (Normal) (G1 Evacuation Pause)
[2020-12-03T01:17:41.941-0900][2.863s] GC(6) Using 10 workers of 10 for evacuation
[2020-12-03T01:17:41.948-0900][2.870s] GC(6)   Pre Evacuate Collection Set: 0.1ms
[2020-12-03T01:17:41.948-0900][2.870s] GC(6)   Merge Heap Roots: 0.1ms
[2020-12-03T01:17:41.948-0900][2.870s] GC(6)   Evacuate Collection Set: 6.0ms
[2020-12-03T01:17:41.948-0900][2.870s] GC(6)   Post Evacuate Collection Set: 0.6ms
[2020-12-03T01:17:41.948-0900][2.870s] GC(6)   Other: 0.1ms
[2020-12-03T01:17:41.948-0900][2.870s] GC(6) Eden regions: 281->0(286)
[2020-12-03T01:17:41.948-0900][2.870s] GC(6) Survivor regions: 26->21(39)
[2020-12-03T01:17:41.948-0900][2.870s] GC(6) Old regions: 4->12
[2020-12-03T01:17:41.948-0900][2.870s] GC(6) Archive regions: 2->2
[2020-12-03T01:17:41.948-0900][2.870s] GC(6) Humongous regions: 5->5
[2020-12-03T01:17:41.948-0900][2.870s] GC(6) Metaspace: 37248K(38448K)->37248K(38448K) NonClass: 32871K(33712K)->32871K(33712K) Class: 4376K(4736K)->4376K(4736K)
[2020-12-03T01:17:41.948-0900][2.870s] GC(6) Pause Young (Normal) (G1 Evacuation Pause) 316M->38M(512M) 6.984ms
[2020-12-03T01:17:41.948-0900][2.870s] GC(6) User=0.06s Sys=0.00s Real=0.00s
[2020-12-03T01:17:42.392-0900][3.314s] GC(7) Pause Young (Normal) (G1 Evacuation Pause)
[2020-12-03T01:17:42.392-0900][3.314s] GC(7) Using 10 workers of 10 for evacuation
[2020-12-03T01:17:42.396-0900][3.318s] GC(7)   Pre Evacuate Collection Set: 0.1ms
[2020-12-03T01:17:42.396-0900][3.318s] GC(7)   Merge Heap Roots: 0.1ms
[2020-12-03T01:17:42.396-0900][3.318s] GC(7)   Evacuate Collection Set: 3.5ms
[2020-12-03T01:17:42.396-0900][3.318s] GC(7)   Post Evacuate Collection Set: 0.5ms
[2020-12-03T01:17:42.396-0900][3.318s] GC(7)   Other: 0.1ms
[2020-12-03T01:17:42.396-0900][3.318s] GC(7) Eden regions: 286->0(286)
[2020-12-03T01:17:42.396-0900][3.318s] GC(7) Survivor regions: 21->21(39)
[2020-12-03T01:17:42.396-0900][3.318s] GC(7) Old regions: 12->12
[2020-12-03T01:17:42.396-0900][3.318s] GC(7) Archive regions: 2->2
[2020-12-03T01:17:42.396-0900][3.318s] GC(7) Humongous regions: 5->5
[2020-12-03T01:17:42.396-0900][3.318s] GC(7) Metaspace: 41424K(42672K)->41424K(42672K) NonClass: 36518K(37296K)->36518K(37296K) Class: 4905K(5376K)->4905K(5376K)
[2020-12-03T01:17:42.396-0900][3.318s] GC(7) Pause Young (Normal) (G1 Evacuation Pause) 324M->38M(512M) 4.326ms
[2020-12-03T01:17:42.396-0900][3.318s] GC(7) User=0.03s Sys=0.00s Real=0.00s
[2020-12-03T01:19:02.946-0900][83.869s] Heap
[2020-12-03T01:19:02.946-0900][83.869s]  garbage-first heap   total 524288K, used 255560K [0x00000007e0000000, 0x0000000800000000)
[2020-12-03T01:19:02.946-0900][83.869s]   region size 1024K, 230 young (235520K), 21 survivors (21504K)
[2020-12-03T01:19:02.946-0900][83.869s]  Metaspace       used 50560K, capacity 51696K, committed 51760K, reserved 1095680K
[2020-12-03T01:19:02.946-0900][83.869s]   class space    used 6075K, capacity 6505K, committed 6528K, reserved 1048576K
