[2020-12-15T17:32:51.191-0900][0.013s] Heap region size: 1M
[2020-12-15T17:32:51.192-0900][0.013s] Heap address: 0x00000007e0000000, size: 512 MB, Compressed Oops mode: Zero based, Oop shift amount: 3
[2020-12-15T17:32:51.476-0900][0.298s] Using G1
[2020-12-15T17:32:51.477-0900][0.299s] Mark closed archive regions in map: [0x00000007fff00000, 0x00000007fff7aff8]
[2020-12-15T17:32:51.477-0900][0.299s] Mark open archive regions in map: [0x00000007ffe00000, 0x00000007ffe50ff8]
[2020-12-15T17:32:51.496-0900][0.318s] Periodic GC disabled
[2020-12-15T17:32:51.996-0900][0.818s] GC(0) Pause Young (Normal) (G1 Evacuation Pause)
[2020-12-15T17:32:51.997-0900][0.818s] GC(0) Using 10 workers of 10 for evacuation
[2020-12-15T17:32:51.998-0900][0.820s] GC(0)   Pre Evacuate Collection Set: 0.1ms
[2020-12-15T17:32:51.998-0900][0.820s] GC(0)   Merge Heap Roots: 0.0ms
[2020-12-15T17:32:51.998-0900][0.820s] GC(0)   Evacuate Collection Set: 1.0ms
[2020-12-15T17:32:51.998-0900][0.820s] GC(0)   Post Evacuate Collection Set: 0.2ms
[2020-12-15T17:32:51.998-0900][0.820s] GC(0)   Other: 0.4ms
[2020-12-15T17:32:51.998-0900][0.820s] GC(0) Eden regions: 29->0(56)
[2020-12-15T17:32:51.998-0900][0.820s] GC(0) Survivor regions: 0->3(4)
[2020-12-15T17:32:51.998-0900][0.820s] GC(0) Old regions: 0->0
[2020-12-15T17:32:51.998-0900][0.820s] GC(0) Archive regions: 2->2
[2020-12-15T17:32:51.998-0900][0.820s] GC(0) Humongous regions: 0->0
[2020-12-15T17:32:51.998-0900][0.820s] GC(0) Metaspace: 5567K(7552K)->5567K(7552K) NonClass: 4898K(6656K)->4898K(6656K) Class: 669K(896K)->669K(896K)
[2020-12-15T17:32:51.998-0900][0.820s] GC(0) Pause Young (Normal) (G1 Evacuation Pause) 29M->3M(512M) 1.807ms
[2020-12-15T17:32:51.998-0900][0.820s] GC(0) User=0.01s Sys=0.00s Real=0.00s
[2020-12-15T17:32:52.589-0900][1.411s] GC(1) Pause Young (Normal) (G1 Evacuation Pause)
[2020-12-15T17:32:52.589-0900][1.411s] GC(1) Using 10 workers of 10 for evacuation
[2020-12-15T17:32:52.598-0900][1.420s] GC(1)   Pre Evacuate Collection Set: 0.1ms
[2020-12-15T17:32:52.598-0900][1.420s] GC(1)   Merge Heap Roots: 0.1ms
[2020-12-15T17:32:52.598-0900][1.420s] GC(1)   Evacuate Collection Set: 8.3ms
[2020-12-15T17:32:52.598-0900][1.420s] GC(1)   Post Evacuate Collection Set: 0.5ms
[2020-12-15T17:32:52.598-0900][1.420s] GC(1)   Other: 0.2ms
[2020-12-15T17:32:52.598-0900][1.420s] GC(1) Eden regions: 55->0(299)
[2020-12-15T17:32:52.598-0900][1.420s] GC(1) Survivor regions: 3->8(8)
[2020-12-15T17:32:52.598-0900][1.420s] GC(1) Old regions: 0->5
[2020-12-15T17:32:52.598-0900][1.420s] GC(1) Archive regions: 2->2
[2020-12-15T17:32:52.598-0900][1.420s] GC(1) Humongous regions: 4->4
[2020-12-15T17:32:52.598-0900][1.420s] GC(1) Metaspace: 15306K(16128K)->15306K(16128K) NonClass: 13462K(14080K)->13462K(14080K) Class: 1844K(2048K)->1844K(2048K)
[2020-12-15T17:32:52.598-0900][1.420s] GC(1) Pause Young (Normal) (G1 Evacuation Pause) 62M->16M(512M) 9.288ms
[2020-12-15T17:32:52.598-0900][1.420s] GC(1) User=0.05s Sys=0.00s Real=0.01s
[2020-12-15T17:32:53.034-0900][1.856s] GC(2) Pause Young (Concurrent Start) (Metadata GC Threshold)
[2020-12-15T17:32:53.034-0900][1.856s] GC(2) Using 10 workers of 10 for evacuation
[2020-12-15T17:32:53.039-0900][1.860s] GC(2)   Pre Evacuate Collection Set: 0.1ms
[2020-12-15T17:32:53.039-0900][1.860s] GC(2)   Merge Heap Roots: 0.0ms
[2020-12-15T17:32:53.039-0900][1.860s] GC(2)   Evacuate Collection Set: 3.6ms
[2020-12-15T17:32:53.039-0900][1.860s] GC(2)   Post Evacuate Collection Set: 0.6ms
[2020-12-15T17:32:53.039-0900][1.860s] GC(2)   Other: 0.2ms
[2020-12-15T17:32:53.039-0900][1.860s] GC(2) Eden regions: 52->0(231)
[2020-12-15T17:32:53.039-0900][1.860s] GC(2) Survivor regions: 8->15(39)
[2020-12-15T17:32:53.039-0900][1.860s] GC(2) Old regions: 5->5
[2020-12-15T17:32:53.039-0900][1.860s] GC(2) Archive regions: 2->2
[2020-12-15T17:32:53.039-0900][1.861s] GC(2) Humongous regions: 4->4
[2020-12-15T17:32:53.039-0900][1.861s] GC(2) Metaspace: 20436K(21296K)->20436K(21296K) NonClass: 18071K(18608K)->18071K(18608K) Class: 2365K(2688K)->2365K(2688K)
[2020-12-15T17:32:53.039-0900][1.861s] GC(2) Pause Young (Concurrent Start) (Metadata GC Threshold) 68M->23M(512M) 4.640ms
[2020-12-15T17:32:53.039-0900][1.861s] GC(2) User=0.03s Sys=0.00s Real=0.00s
[2020-12-15T17:32:53.039-0900][1.861s] GC(3) Concurrent Cycle
[2020-12-15T17:32:53.039-0900][1.861s] GC(3) Concurrent Clear Claimed Marks
[2020-12-15T17:32:53.039-0900][1.861s] GC(3) Concurrent Clear Claimed Marks 0.030ms
[2020-12-15T17:32:53.039-0900][1.861s] GC(3) Concurrent Scan Root Regions
[2020-12-15T17:32:53.042-0900][1.863s] GC(3) Concurrent Scan Root Regions 2.317ms
[2020-12-15T17:32:53.042-0900][1.863s] GC(3) Concurrent Mark (1.863s)
[2020-12-15T17:32:53.042-0900][1.863s] GC(3) Concurrent Mark From Roots
[2020-12-15T17:32:53.042-0900][1.863s] GC(3) Using 3 workers of 3 for marking
[2020-12-15T17:32:53.045-0900][1.867s] GC(3) Concurrent Mark From Roots 3.724ms
[2020-12-15T17:32:53.045-0900][1.867s] GC(3) Concurrent Preclean
[2020-12-15T17:32:53.045-0900][1.867s] GC(3) Concurrent Preclean 0.039ms
[2020-12-15T17:32:53.045-0900][1.867s] GC(3) Concurrent Mark (1.863s, 1.867s) 3.808ms
[2020-12-15T17:32:53.045-0900][1.867s] GC(3) Pause Remark
[2020-12-15T17:32:53.046-0900][1.868s] GC(3) Pause Remark 24M->24M(512M) 0.931ms
[2020-12-15T17:32:53.046-0900][1.868s] GC(3) User=0.00s Sys=0.00s Real=0.00s
[2020-12-15T17:32:53.046-0900][1.868s] GC(3) Concurrent Rebuild Remembered Sets
[2020-12-15T17:32:53.049-0900][1.870s] GC(3) Concurrent Rebuild Remembered Sets 2.058ms
[2020-12-15T17:32:53.049-0900][1.870s] GC(3) Pause Cleanup
[2020-12-15T17:32:53.049-0900][1.870s] GC(3) Pause Cleanup 25M->25M(512M) 0.083ms
[2020-12-15T17:32:53.049-0900][1.870s] GC(3) User=0.00s Sys=0.00s Real=0.00s
[2020-12-15T17:32:53.049-0900][1.870s] GC(3) Concurrent Cleanup for Next Mark
[2020-12-15T17:32:53.050-0900][1.871s] GC(3) Concurrent Cleanup for Next Mark 0.703ms
[2020-12-15T17:32:53.050-0900][1.871s] GC(3) Concurrent Cycle 10.453ms
[2020-12-15T17:32:54.105-0900][2.926s] GC(4) Pause Young (Concurrent Start) (Metadata GC Threshold)
[2020-12-15T17:32:54.105-0900][2.926s] GC(4) Using 10 workers of 10 for evacuation
[2020-12-15T17:32:54.112-0900][2.933s] GC(4)   Pre Evacuate Collection Set: 0.1ms
[2020-12-15T17:32:54.112-0900][2.933s] GC(4)   Merge Heap Roots: 0.1ms
[2020-12-15T17:32:54.112-0900][2.933s] GC(4)   Evacuate Collection Set: 5.9ms
[2020-12-15T17:32:54.112-0900][2.933s] GC(4)   Post Evacuate Collection Set: 0.6ms
[2020-12-15T17:32:54.112-0900][2.933s] GC(4)   Other: 0.2ms
[2020-12-15T17:32:54.112-0900][2.933s] GC(4) Eden regions: 191->0(283)
[2020-12-15T17:32:54.112-0900][2.933s] GC(4) Survivor regions: 15->24(35)
[2020-12-15T17:32:54.112-0900][2.933s] GC(4) Old regions: 5->5
[2020-12-15T17:32:54.112-0900][2.933s] GC(4) Archive regions: 2->2
[2020-12-15T17:32:54.112-0900][2.933s] GC(4) Humongous regions: 6->6
[2020-12-15T17:32:54.112-0900][2.933s] GC(4) Metaspace: 34738K(35888K)->34738K(35888K) NonClass: 30720K(31408K)->30720K(31408K) Class: 4018K(4480K)->4018K(4480K)
[2020-12-15T17:32:54.112-0900][2.933s] GC(4) Pause Young (Concurrent Start) (Metadata GC Threshold) 216M->34M(512M) 6.892ms
[2020-12-15T17:32:54.112-0900][2.933s] GC(4) User=0.06s Sys=0.00s Real=0.01s
[2020-12-15T17:32:54.112-0900][2.933s] GC(5) Concurrent Cycle
[2020-12-15T17:32:54.112-0900][2.933s] GC(5) Concurrent Clear Claimed Marks
[2020-12-15T17:32:54.112-0900][2.933s] GC(5) Concurrent Clear Claimed Marks 0.041ms
[2020-12-15T17:32:54.112-0900][2.933s] GC(5) Concurrent Scan Root Regions
[2020-12-15T17:32:54.115-0900][2.937s] GC(5) Concurrent Scan Root Regions 3.621ms
[2020-12-15T17:32:54.116-0900][2.937s] GC(5) Concurrent Mark (2.937s)
[2020-12-15T17:32:54.116-0900][2.937s] GC(5) Concurrent Mark From Roots
[2020-12-15T17:32:54.116-0900][2.937s] GC(5) Using 3 workers of 3 for marking
[2020-12-15T17:32:54.119-0900][2.941s] GC(5) Concurrent Mark From Roots 3.550ms
[2020-12-15T17:32:54.119-0900][2.941s] GC(5) Concurrent Preclean
[2020-12-15T17:32:54.119-0900][2.941s] GC(5) Concurrent Preclean 0.035ms
[2020-12-15T17:32:54.119-0900][2.941s] GC(5) Concurrent Mark (2.937s, 2.941s) 3.640ms
[2020-12-15T17:32:54.119-0900][2.941s] GC(5) Pause Remark
[2020-12-15T17:32:54.120-0900][2.942s] GC(5) Pause Remark 38M->38M(512M) 1.111ms
[2020-12-15T17:32:54.120-0900][2.942s] GC(5) User=0.01s Sys=0.00s Real=0.01s
[2020-12-15T17:32:54.121-0900][2.942s] GC(5) Concurrent Rebuild Remembered Sets
[2020-12-15T17:32:54.124-0900][2.945s] GC(5) Concurrent Rebuild Remembered Sets 3.119ms
[2020-12-15T17:32:54.124-0900][2.945s] GC(5) Pause Cleanup
[2020-12-15T17:32:54.124-0900][2.945s] GC(5) Pause Cleanup 38M->38M(512M) 0.097ms
[2020-12-15T17:32:54.124-0900][2.945s] GC(5) User=0.00s Sys=0.00s Real=0.00s
[2020-12-15T17:32:54.124-0900][2.946s] GC(5) Concurrent Cleanup for Next Mark
[2020-12-15T17:32:54.125-0900][2.946s] GC(5) Concurrent Cleanup for Next Mark 0.656ms
[2020-12-15T17:32:54.125-0900][2.946s] GC(5) Concurrent Cycle 12.994ms
[2020-12-15T17:32:54.320-0900][3.142s] GC(6) Pause Young (Normal) (G1 Evacuation Pause)
[2020-12-15T17:32:54.321-0900][3.142s] GC(6) Using 10 workers of 10 for evacuation
[2020-12-15T17:32:54.327-0900][3.148s] GC(6)   Pre Evacuate Collection Set: 0.1ms
[2020-12-15T17:32:54.327-0900][3.148s] GC(6)   Merge Heap Roots: 0.0ms
[2020-12-15T17:32:54.327-0900][3.148s] GC(6)   Evacuate Collection Set: 5.5ms
[2020-12-15T17:32:54.327-0900][3.148s] GC(6)   Post Evacuate Collection Set: 0.5ms
[2020-12-15T17:32:54.327-0900][3.148s] GC(6)   Other: 0.1ms
[2020-12-15T17:32:54.327-0900][3.148s] GC(6) Eden regions: 283->0(286)
[2020-12-15T17:32:54.327-0900][3.148s] GC(6) Survivor regions: 24->21(39)
[2020-12-15T17:32:54.327-0900][3.148s] GC(6) Old regions: 5->13
[2020-12-15T17:32:54.327-0900][3.148s] GC(6) Archive regions: 2->2
[2020-12-15T17:32:54.327-0900][3.148s] GC(6) Humongous regions: 6->5
[2020-12-15T17:32:54.327-0900][3.148s] GC(6) Metaspace: 37323K(38448K)->37323K(38448K) NonClass: 32942K(33712K)->32942K(33712K) Class: 4381K(4736K)->4381K(4736K)
[2020-12-15T17:32:54.327-0900][3.148s] GC(6) Pause Young (Normal) (G1 Evacuation Pause) 317M->38M(512M) 6.420ms
[2020-12-15T17:32:54.327-0900][3.148s] GC(6) User=0.06s Sys=0.00s Real=0.00s
[2020-12-15T17:32:54.717-0900][3.539s] GC(7) Pause Young (Normal) (G1 Evacuation Pause)
[2020-12-15T17:32:54.717-0900][3.539s] GC(7) Using 10 workers of 10 for evacuation
[2020-12-15T17:32:54.722-0900][3.543s] GC(7)   Pre Evacuate Collection Set: 0.1ms
[2020-12-15T17:32:54.722-0900][3.543s] GC(7)   Merge Heap Roots: 0.1ms
[2020-12-15T17:32:54.722-0900][3.543s] GC(7)   Evacuate Collection Set: 3.8ms
[2020-12-15T17:32:54.722-0900][3.543s] GC(7)   Post Evacuate Collection Set: 0.4ms
[2020-12-15T17:32:54.722-0900][3.543s] GC(7)   Other: 0.1ms
[2020-12-15T17:32:54.722-0900][3.543s] GC(7) Eden regions: 286->0(286)
[2020-12-15T17:32:54.722-0900][3.543s] GC(7) Survivor regions: 21->21(39)
[2020-12-15T17:32:54.722-0900][3.543s] GC(7) Old regions: 13->13
[2020-12-15T17:32:54.722-0900][3.543s] GC(7) Archive regions: 2->2
[2020-12-15T17:32:54.722-0900][3.543s] GC(7) Humongous regions: 5->5
[2020-12-15T17:32:54.722-0900][3.543s] GC(7) Metaspace: 41482K(42928K)->41482K(42928K) NonClass: 36574K(37552K)->36574K(37552K) Class: 4908K(5376K)->4908K(5376K)
[2020-12-15T17:32:54.722-0900][3.543s] GC(7) Pause Young (Normal) (G1 Evacuation Pause) 324M->38M(512M) 4.531ms
[2020-12-15T17:32:54.722-0900][3.543s] GC(7) User=0.04s Sys=0.00s Real=0.01s
[2020-12-15T17:35:43.335-0900][172.153s] GC(8) Pause Young (Normal) (G1 Evacuation Pause)
[2020-12-15T17:35:43.335-0900][172.154s] GC(8) Using 10 workers of 10 for evacuation
[2020-12-15T17:35:43.348-0900][172.167s] GC(8)   Pre Evacuate Collection Set: 0.1ms
[2020-12-15T17:35:43.348-0900][172.167s] GC(8)   Merge Heap Roots: 0.0ms
[2020-12-15T17:35:43.348-0900][172.167s] GC(8)   Evacuate Collection Set: 11.5ms
[2020-12-15T17:35:43.348-0900][172.167s] GC(8)   Post Evacuate Collection Set: 0.9ms
[2020-12-15T17:35:43.348-0900][172.167s] GC(8)   Other: 0.9ms
[2020-12-15T17:35:43.348-0900][172.167s] GC(8) Eden regions: 286->0(273)
[2020-12-15T17:35:43.348-0900][172.167s] GC(8) Survivor regions: 21->34(39)
[2020-12-15T17:35:43.348-0900][172.167s] GC(8) Old regions: 13->13
[2020-12-15T17:35:43.348-0900][172.167s] GC(8) Archive regions: 2->2
[2020-12-15T17:35:43.348-0900][172.167s] GC(8) Humongous regions: 8->8
[2020-12-15T17:35:43.348-0900][172.167s] GC(8) Metaspace: 50442K(51760K)->50442K(51760K) NonClass: 44410K(45232K)->44410K(45232K) Class: 6032K(6528K)->6032K(6528K)
[2020-12-15T17:35:43.348-0900][172.167s] GC(8) Pause Young (Normal) (G1 Evacuation Pause) 327M->54M(512M) 13.482ms
[2020-12-15T17:35:43.348-0900][172.167s] GC(8) User=0.08s Sys=0.03s Real=0.01s
[2020-12-15T17:38:38.395-0900][347.210s] Heap
[2020-12-15T17:38:38.395-0900][347.211s]  garbage-first heap   total 524288K, used 276369K [0x00000007e0000000, 0x0000000800000000)
[2020-12-15T17:38:38.395-0900][347.211s]   region size 1024K, 251 young (257024K), 34 survivors (34816K)
[2020-12-15T17:38:38.395-0900][347.211s]  Metaspace       used 51724K, capacity 52870K, committed 53168K, reserved 1095680K
[2020-12-15T17:38:38.395-0900][347.211s]   class space    used 6131K, capacity 6591K, committed 6656K, reserved 1048576K
