[2020-12-03T01:19:05.547-0900][0.011s] Heap region size: 1M
[2020-12-03T01:19:05.547-0900][0.011s] Heap address: 0x00000007e0000000, size: 512 MB, Compressed Oops mode: Zero based, Oop shift amount: 3
[2020-12-03T01:19:05.744-0900][0.208s] Using G1
[2020-12-03T01:19:05.744-0900][0.208s] Mark closed archive regions in map: [0x00000007fff00000, 0x00000007fff7aff8]
[2020-12-03T01:19:05.744-0900][0.208s] Mark open archive regions in map: [0x00000007ffe00000, 0x00000007ffe50ff8]
[2020-12-03T01:19:05.760-0900][0.225s] Periodic GC disabled
[2020-12-03T01:19:06.070-0900][0.535s] GC(0) Pause Young (Normal) (G1 Evacuation Pause)
[2020-12-03T01:19:06.071-0900][0.535s] GC(0) Using 10 workers of 10 for evacuation
[2020-12-03T01:19:06.072-0900][0.536s] GC(0)   Pre Evacuate Collection Set: 0.1ms
[2020-12-03T01:19:06.072-0900][0.536s] GC(0)   Merge Heap Roots: 0.0ms
[2020-12-03T01:19:06.072-0900][0.536s] GC(0)   Evacuate Collection Set: 0.9ms
[2020-12-03T01:19:06.072-0900][0.536s] GC(0)   Post Evacuate Collection Set: 0.2ms
[2020-12-03T01:19:06.072-0900][0.536s] GC(0)   Other: 0.4ms
[2020-12-03T01:19:06.072-0900][0.536s] GC(0) Eden regions: 29->0(56)
[2020-12-03T01:19:06.072-0900][0.536s] GC(0) Survivor regions: 0->3(4)
[2020-12-03T01:19:06.072-0900][0.536s] GC(0) Old regions: 0->0
[2020-12-03T01:19:06.072-0900][0.536s] GC(0) Archive regions: 2->2
[2020-12-03T01:19:06.072-0900][0.536s] GC(0) Humongous regions: 0->0
[2020-12-03T01:19:06.072-0900][0.536s] GC(0) Metaspace: 5549K(7552K)->5549K(7552K) NonClass: 4882K(6656K)->4882K(6656K) Class: 666K(896K)->666K(896K)
[2020-12-03T01:19:06.072-0900][0.536s] GC(0) Pause Young (Normal) (G1 Evacuation Pause) 29M->3M(512M) 1.712ms
[2020-12-03T01:19:06.072-0900][0.536s] GC(0) User=0.01s Sys=0.00s Real=0.00s
[2020-12-03T01:19:06.487-0900][0.951s] GC(1) Pause Young (Normal) (G1 Evacuation Pause)
[2020-12-03T01:19:06.487-0900][0.952s] GC(1) Using 10 workers of 10 for evacuation
[2020-12-03T01:19:06.493-0900][0.957s] GC(1)   Pre Evacuate Collection Set: 0.1ms
[2020-12-03T01:19:06.493-0900][0.957s] GC(1)   Merge Heap Roots: 0.1ms
[2020-12-03T01:19:06.493-0900][0.957s] GC(1)   Evacuate Collection Set: 5.2ms
[2020-12-03T01:19:06.493-0900][0.957s] GC(1)   Post Evacuate Collection Set: 0.3ms
[2020-12-03T01:19:06.493-0900][0.957s] GC(1)   Other: 0.1ms
[2020-12-03T01:19:06.493-0900][0.957s] GC(1) Eden regions: 55->0(299)
[2020-12-03T01:19:06.493-0900][0.957s] GC(1) Survivor regions: 3->8(8)
[2020-12-03T01:19:06.493-0900][0.957s] GC(1) Old regions: 0->4
[2020-12-03T01:19:06.493-0900][0.957s] GC(1) Archive regions: 2->2
[2020-12-03T01:19:06.493-0900][0.957s] GC(1) Humongous regions: 4->4
[2020-12-03T01:19:06.493-0900][0.957s] GC(1) Metaspace: 15275K(15872K)->15275K(15872K) NonClass: 13431K(13824K)->13431K(13824K) Class: 1844K(2048K)->1844K(2048K)
[2020-12-03T01:19:06.493-0900][0.957s] GC(1) Pause Young (Normal) (G1 Evacuation Pause) 62M->16M(512M) 5.868ms
[2020-12-03T01:19:06.493-0900][0.957s] GC(1) User=0.05s Sys=0.01s Real=0.01s
[2020-12-03T01:19:06.770-0900][1.235s] GC(2) Pause Young (Concurrent Start) (Metadata GC Threshold)
[2020-12-03T01:19:06.770-0900][1.235s] GC(2) Using 10 workers of 10 for evacuation
[2020-12-03T01:19:06.776-0900][1.240s] GC(2)   Pre Evacuate Collection Set: 0.1ms
[2020-12-03T01:19:06.776-0900][1.240s] GC(2)   Merge Heap Roots: 0.1ms
[2020-12-03T01:19:06.776-0900][1.240s] GC(2)   Evacuate Collection Set: 4.5ms
[2020-12-03T01:19:06.776-0900][1.240s] GC(2)   Post Evacuate Collection Set: 0.6ms
[2020-12-03T01:19:06.776-0900][1.240s] GC(2)   Other: 0.2ms
[2020-12-03T01:19:06.776-0900][1.240s] GC(2) Eden regions: 54->0(291)
[2020-12-03T01:19:06.776-0900][1.240s] GC(2) Survivor regions: 8->16(39)
[2020-12-03T01:19:06.776-0900][1.240s] GC(2) Old regions: 4->4
[2020-12-03T01:19:06.776-0900][1.240s] GC(2) Archive regions: 2->2
[2020-12-03T01:19:06.776-0900][1.240s] GC(2) Humongous regions: 4->4
[2020-12-03T01:19:06.776-0900][1.240s] GC(2) Metaspace: 20524K(21296K)->20524K(21296K) NonClass: 18141K(18608K)->18141K(18608K) Class: 2382K(2688K)->2382K(2688K)
[2020-12-03T01:19:06.776-0900][1.240s] GC(2) Pause Young (Concurrent Start) (Metadata GC Threshold) 70M->23M(512M) 5.543ms
[2020-12-03T01:19:06.776-0900][1.240s] GC(2) User=0.05s Sys=0.00s Real=0.00s
[2020-12-03T01:19:06.776-0900][1.240s] GC(3) Concurrent Cycle
[2020-12-03T01:19:06.776-0900][1.240s] GC(3) Concurrent Clear Claimed Marks
[2020-12-03T01:19:06.776-0900][1.240s] GC(3) Concurrent Clear Claimed Marks 0.031ms
[2020-12-03T01:19:06.776-0900][1.240s] GC(3) Concurrent Scan Root Regions
[2020-12-03T01:19:06.779-0900][1.243s] GC(3) Concurrent Scan Root Regions 3.072ms
[2020-12-03T01:19:06.779-0900][1.243s] GC(3) Concurrent Mark (1.243s)
[2020-12-03T01:19:06.779-0900][1.243s] GC(3) Concurrent Mark From Roots
[2020-12-03T01:19:06.779-0900][1.243s] GC(3) Using 3 workers of 3 for marking
[2020-12-03T01:19:06.783-0900][1.248s] GC(3) Concurrent Mark From Roots 4.153ms
[2020-12-03T01:19:06.783-0900][1.248s] GC(3) Concurrent Preclean
[2020-12-03T01:19:06.783-0900][1.248s] GC(3) Concurrent Preclean 0.036ms
[2020-12-03T01:19:06.783-0900][1.248s] GC(3) Concurrent Mark (1.243s, 1.248s) 4.240ms
[2020-12-03T01:19:06.784-0900][1.248s] GC(3) Pause Remark
[2020-12-03T01:19:06.784-0900][1.249s] GC(3) Pause Remark 24M->24M(512M) 0.904ms
[2020-12-03T01:19:06.785-0900][1.249s] GC(3) User=0.01s Sys=0.00s Real=0.00s
[2020-12-03T01:19:06.785-0900][1.249s] GC(3) Concurrent Rebuild Remembered Sets
[2020-12-03T01:19:06.786-0900][1.251s] GC(3) Concurrent Rebuild Remembered Sets 1.915ms
[2020-12-03T01:19:06.787-0900][1.251s] GC(3) Pause Cleanup
[2020-12-03T01:19:06.787-0900][1.251s] GC(3) Pause Cleanup 25M->25M(512M) 0.092ms
[2020-12-03T01:19:06.787-0900][1.251s] GC(3) User=0.00s Sys=0.00s Real=0.00s
[2020-12-03T01:19:06.787-0900][1.251s] GC(3) Concurrent Cleanup for Next Mark
[2020-12-03T01:19:06.788-0900][1.252s] GC(3) Concurrent Cleanup for Next Mark 0.608ms
[2020-12-03T01:19:06.788-0900][1.252s] GC(3) Concurrent Cycle 11.667ms
[2020-12-03T01:19:07.706-0900][2.170s] GC(4) Pause Young (Concurrent Start) (GCLocker Initiated GC)
[2020-12-03T01:19:07.706-0900][2.170s] GC(4) Using 10 workers of 10 for evacuation
[2020-12-03T01:19:07.714-0900][2.178s] GC(4)   Pre Evacuate Collection Set: 0.1ms
[2020-12-03T01:19:07.714-0900][2.178s] GC(4)   Merge Heap Roots: 0.1ms
[2020-12-03T01:19:07.714-0900][2.178s] GC(4)   Evacuate Collection Set: 6.8ms
[2020-12-03T01:19:07.714-0900][2.178s] GC(4)   Post Evacuate Collection Set: 0.8ms
[2020-12-03T01:19:07.714-0900][2.178s] GC(4)   Other: 0.3ms
[2020-12-03T01:19:07.714-0900][2.178s] GC(4) Eden regions: 193->0(281)
[2020-12-03T01:19:07.714-0900][2.178s] GC(4) Survivor regions: 16->26(39)
[2020-12-03T01:19:07.714-0900][2.178s] GC(4) Old regions: 4->4
[2020-12-03T01:19:07.714-0900][2.178s] GC(4) Archive regions: 2->2
[2020-12-03T01:19:07.714-0900][2.178s] GC(4) Humongous regions: 6->5
[2020-12-03T01:19:07.714-0900][2.178s] GC(4) Metaspace: 34861K(36144K)->34861K(36144K) NonClass: 30803K(31664K)->30803K(31664K) Class: 4058K(4480K)->4058K(4480K)
[2020-12-03T01:19:07.714-0900][2.178s] GC(4) Pause Young (Concurrent Start) (GCLocker Initiated GC) 218M->34M(512M) 8.148ms
[2020-12-03T01:19:07.714-0900][2.178s] GC(4) User=0.08s Sys=0.00s Real=0.01s
[2020-12-03T01:19:07.714-0900][2.178s] GC(5) Concurrent Cycle
[2020-12-03T01:19:07.714-0900][2.178s] GC(5) Concurrent Clear Claimed Marks
[2020-12-03T01:19:07.714-0900][2.178s] GC(5) Concurrent Clear Claimed Marks 0.061ms
[2020-12-03T01:19:07.714-0900][2.178s] GC(5) Concurrent Scan Root Regions
[2020-12-03T01:19:07.718-0900][2.182s] GC(5) Concurrent Scan Root Regions 4.289ms
[2020-12-03T01:19:07.718-0900][2.182s] GC(5) Concurrent Mark (2.182s)
[2020-12-03T01:19:07.718-0900][2.182s] GC(5) Concurrent Mark From Roots
[2020-12-03T01:19:07.718-0900][2.182s] GC(5) Using 3 workers of 3 for marking
[2020-12-03T01:19:07.722-0900][2.186s] GC(5) Concurrent Mark From Roots 3.415ms
[2020-12-03T01:19:07.722-0900][2.186s] GC(5) Concurrent Preclean
[2020-12-03T01:19:07.722-0900][2.186s] GC(5) Concurrent Preclean 0.038ms
[2020-12-03T01:19:07.722-0900][2.186s] GC(5) Concurrent Mark (2.182s, 2.186s) 3.517ms
[2020-12-03T01:19:07.722-0900][2.186s] GC(5) Pause Remark
[2020-12-03T01:19:07.723-0900][2.187s] GC(5) Pause Remark 38M->38M(512M) 1.299ms
[2020-12-03T01:19:07.723-0900][2.187s] GC(5) User=0.01s Sys=0.00s Real=0.00s
[2020-12-03T01:19:07.723-0900][2.188s] GC(5) Concurrent Rebuild Remembered Sets
[2020-12-03T01:19:07.726-0900][2.190s] GC(5) Concurrent Rebuild Remembered Sets 2.826ms
[2020-12-03T01:19:07.726-0900][2.191s] GC(5) Pause Cleanup
[2020-12-03T01:19:07.727-0900][2.191s] GC(5) Pause Cleanup 38M->38M(512M) 0.103ms
[2020-12-03T01:19:07.727-0900][2.191s] GC(5) User=0.00s Sys=0.00s Real=0.00s
[2020-12-03T01:19:07.727-0900][2.191s] GC(5) Concurrent Cleanup for Next Mark
[2020-12-03T01:19:07.727-0900][2.192s] GC(5) Concurrent Cleanup for Next Mark 0.745ms
[2020-12-03T01:19:07.727-0900][2.192s] GC(5) Concurrent Cycle 13.678ms
[2020-12-03T01:19:07.991-0900][2.455s] GC(6) Pause Young (Normal) (G1 Evacuation Pause)
[2020-12-03T01:19:07.991-0900][2.455s] GC(6) Using 10 workers of 10 for evacuation
[2020-12-03T01:19:08.001-0900][2.465s] GC(6)   Pre Evacuate Collection Set: 0.1ms
[2020-12-03T01:19:08.001-0900][2.465s] GC(6)   Merge Heap Roots: 0.1ms
[2020-12-03T01:19:08.001-0900][2.465s] GC(6)   Evacuate Collection Set: 8.6ms
[2020-12-03T01:19:08.001-0900][2.465s] GC(6)   Post Evacuate Collection Set: 0.8ms
[2020-12-03T01:19:08.001-0900][2.465s] GC(6)   Other: 0.3ms
[2020-12-03T01:19:08.001-0900][2.465s] GC(6) Eden regions: 281->0(286)
[2020-12-03T01:19:08.001-0900][2.465s] GC(6) Survivor regions: 26->21(39)
[2020-12-03T01:19:08.001-0900][2.465s] GC(6) Old regions: 4->12
[2020-12-03T01:19:08.001-0900][2.465s] GC(6) Archive regions: 2->2
[2020-12-03T01:19:08.001-0900][2.465s] GC(6) Humongous regions: 5->5
[2020-12-03T01:19:08.001-0900][2.465s] GC(6) Metaspace: 37207K(38448K)->37207K(38448K) NonClass: 32827K(33712K)->32827K(33712K) Class: 4380K(4736K)->4380K(4736K)
[2020-12-03T01:19:08.001-0900][2.465s] GC(6) Pause Young (Normal) (G1 Evacuation Pause) 315M->37M(512M) 9.910ms
[2020-12-03T01:19:08.001-0900][2.465s] GC(6) User=0.09s Sys=0.00s Real=0.01s
[2020-12-03T01:19:08.518-0900][2.983s] GC(7) Pause Young (Normal) (G1 Evacuation Pause)
[2020-12-03T01:19:08.518-0900][2.983s] GC(7) Using 10 workers of 10 for evacuation
[2020-12-03T01:19:08.523-0900][2.987s] GC(7)   Pre Evacuate Collection Set: 0.0ms
[2020-12-03T01:19:08.523-0900][2.987s] GC(7)   Merge Heap Roots: 0.0ms
[2020-12-03T01:19:08.523-0900][2.987s] GC(7)   Evacuate Collection Set: 3.8ms
[2020-12-03T01:19:08.523-0900][2.987s] GC(7)   Post Evacuate Collection Set: 0.5ms
[2020-12-03T01:19:08.523-0900][2.987s] GC(7)   Other: 0.1ms
[2020-12-03T01:19:08.523-0900][2.987s] GC(7) Eden regions: 286->0(286)
[2020-12-03T01:19:08.523-0900][2.987s] GC(7) Survivor regions: 21->21(39)
[2020-12-03T01:19:08.523-0900][2.987s] GC(7) Old regions: 12->12
[2020-12-03T01:19:08.523-0900][2.987s] GC(7) Archive regions: 2->2
[2020-12-03T01:19:08.523-0900][2.987s] GC(7) Humongous regions: 5->5
[2020-12-03T01:19:08.523-0900][2.987s] GC(7) Metaspace: 41411K(42672K)->41411K(42672K) NonClass: 36501K(37296K)->36501K(37296K) Class: 4910K(5376K)->4910K(5376K)
[2020-12-03T01:19:08.523-0900][2.987s] GC(7) Pause Young (Normal) (G1 Evacuation Pause) 323M->38M(512M) 4.645ms
[2020-12-03T01:19:08.523-0900][2.987s] GC(7) User=0.04s Sys=0.01s Real=0.01s
[2020-12-03T01:20:48.231-0900][102.696s] Heap
[2020-12-03T01:20:48.231-0900][102.696s]  garbage-first heap   total 524288K, used 296469K [0x00000007e0000000, 0x0000000800000000)
[2020-12-03T01:20:48.231-0900][102.696s]   region size 1024K, 271 young (277504K), 21 survivors (21504K)
[2020-12-03T01:20:48.231-0900][102.696s]  Metaspace       used 51434K, capacity 52560K, committed 52912K, reserved 1095680K
[2020-12-03T01:20:48.231-0900][102.696s]   class space    used 6102K, capacity 6535K, committed 6656K, reserved 1048576K
