[2020-12-02T23:52:55.969-0900][0.014s] Heap region size: 1M
[2020-12-02T23:52:55.969-0900][0.015s] Heap address: 0x00000007e0000000, size: 512 MB, Compressed Oops mode: Zero based, Oop shift amount: 3
[2020-12-02T23:52:56.206-0900][0.251s] Using G1
[2020-12-02T23:52:56.206-0900][0.251s] Mark closed archive regions in map: [0x00000007fff00000, 0x00000007fff7aff8]
[2020-12-02T23:52:56.206-0900][0.252s] Mark open archive regions in map: [0x00000007ffe00000, 0x00000007ffe50ff8]
[2020-12-02T23:52:56.230-0900][0.276s] Periodic GC disabled
[2020-12-02T23:52:56.659-0900][0.705s] GC(0) Pause Young (Normal) (G1 Evacuation Pause)
[2020-12-02T23:52:56.660-0900][0.705s] GC(0) Using 10 workers of 10 for evacuation
[2020-12-02T23:52:56.661-0900][0.707s] GC(0)   Pre Evacuate Collection Set: 0.0ms
[2020-12-02T23:52:56.661-0900][0.707s] GC(0)   Merge Heap Roots: 0.0ms
[2020-12-02T23:52:56.661-0900][0.707s] GC(0)   Evacuate Collection Set: 0.9ms
[2020-12-02T23:52:56.661-0900][0.707s] GC(0)   Post Evacuate Collection Set: 0.2ms
[2020-12-02T23:52:56.661-0900][0.707s] GC(0)   Other: 0.4ms
[2020-12-02T23:52:56.661-0900][0.707s] GC(0) Eden regions: 29->0(55)
[2020-12-02T23:52:56.661-0900][0.707s] GC(0) Survivor regions: 0->3(4)
[2020-12-02T23:52:56.661-0900][0.707s] GC(0) Old regions: 0->0
[2020-12-02T23:52:56.661-0900][0.707s] GC(0) Archive regions: 2->2
[2020-12-02T23:52:56.661-0900][0.707s] GC(0) Humongous regions: 0->0
[2020-12-02T23:52:56.661-0900][0.707s] GC(0) Metaspace: 5577K(7552K)->5577K(7552K) NonClass: 4908K(6656K)->4908K(6656K) Class: 669K(896K)->669K(896K)
[2020-12-02T23:52:56.661-0900][0.707s] GC(0) Pause Young (Normal) (G1 Evacuation Pause) 29M->3M(512M) 1.607ms
[2020-12-02T23:52:56.661-0900][0.707s] GC(0) User=0.01s Sys=0.00s Real=0.01s
[2020-12-02T23:52:57.263-0900][1.308s] GC(1) Pause Young (Normal) (G1 Evacuation Pause)
[2020-12-02T23:52:57.263-0900][1.308s] GC(1) Using 10 workers of 10 for evacuation
[2020-12-02T23:52:57.269-0900][1.315s] GC(1)   Pre Evacuate Collection Set: 0.0ms
[2020-12-02T23:52:57.269-0900][1.315s] GC(1)   Merge Heap Roots: 0.0ms
[2020-12-02T23:52:57.269-0900][1.315s] GC(1)   Evacuate Collection Set: 5.6ms
[2020-12-02T23:52:57.269-0900][1.315s] GC(1)   Post Evacuate Collection Set: 0.5ms
[2020-12-02T23:52:57.269-0900][1.315s] GC(1)   Other: 0.1ms
[2020-12-02T23:52:57.269-0900][1.315s] GC(1) Eden regions: 55->0(299)
[2020-12-02T23:52:57.269-0900][1.315s] GC(1) Survivor regions: 3->8(8)
[2020-12-02T23:52:57.269-0900][1.315s] GC(1) Old regions: 0->5
[2020-12-02T23:52:57.269-0900][1.315s] GC(1) Archive regions: 2->2
[2020-12-02T23:52:57.269-0900][1.315s] GC(1) Humongous regions: 4->4
[2020-12-02T23:52:57.269-0900][1.315s] GC(1) Metaspace: 15338K(16128K)->15338K(16128K) NonClass: 13493K(14080K)->13493K(14080K) Class: 1844K(2048K)->1844K(2048K)
[2020-12-02T23:52:57.269-0900][1.315s] GC(1) Pause Young (Normal) (G1 Evacuation Pause) 62M->16M(512M) 6.430ms
[2020-12-02T23:52:57.269-0900][1.315s] GC(1) User=0.06s Sys=0.00s Real=0.00s
[2020-12-02T23:52:57.704-0900][1.750s] GC(2) Pause Young (Concurrent Start) (Metadata GC Threshold)
[2020-12-02T23:52:57.704-0900][1.750s] GC(2) Using 10 workers of 10 for evacuation
[2020-12-02T23:52:57.709-0900][1.755s] GC(2)   Pre Evacuate Collection Set: 0.1ms
[2020-12-02T23:52:57.709-0900][1.755s] GC(2)   Merge Heap Roots: 0.1ms
[2020-12-02T23:52:57.709-0900][1.755s] GC(2)   Evacuate Collection Set: 4.2ms
[2020-12-02T23:52:57.709-0900][1.755s] GC(2)   Post Evacuate Collection Set: 0.8ms
[2020-12-02T23:52:57.709-0900][1.755s] GC(2)   Other: 0.2ms
[2020-12-02T23:52:57.709-0900][1.755s] GC(2) Eden regions: 53->0(231)
[2020-12-02T23:52:57.709-0900][1.755s] GC(2) Survivor regions: 8->15(39)
[2020-12-02T23:52:57.709-0900][1.755s] GC(2) Old regions: 5->5
[2020-12-02T23:52:57.709-0900][1.755s] GC(2) Archive regions: 2->2
[2020-12-02T23:52:57.709-0900][1.755s] GC(2) Humongous regions: 4->4
[2020-12-02T23:52:57.709-0900][1.755s] GC(2) Metaspace: 20513K(21296K)->20513K(21296K) NonClass: 18142K(18608K)->18142K(18608K) Class: 2371K(2688K)->2371K(2688K)
[2020-12-02T23:52:57.709-0900][1.755s] GC(2) Pause Young (Concurrent Start) (Metadata GC Threshold) 69M->23M(512M) 5.471ms
[2020-12-02T23:52:57.709-0900][1.755s] GC(2) User=0.05s Sys=0.00s Real=0.00s
[2020-12-02T23:52:57.710-0900][1.755s] GC(3) Concurrent Cycle
[2020-12-02T23:52:57.710-0900][1.755s] GC(3) Concurrent Clear Claimed Marks
[2020-12-02T23:52:57.710-0900][1.755s] GC(3) Concurrent Clear Claimed Marks 0.061ms
[2020-12-02T23:52:57.710-0900][1.755s] GC(3) Concurrent Scan Root Regions
[2020-12-02T23:52:57.712-0900][1.758s] GC(3) Concurrent Scan Root Regions 2.372ms
[2020-12-02T23:52:57.712-0900][1.758s] GC(3) Concurrent Mark (1.758s)
[2020-12-02T23:52:57.712-0900][1.758s] GC(3) Concurrent Mark From Roots
[2020-12-02T23:52:57.712-0900][1.758s] GC(3) Using 3 workers of 3 for marking
[2020-12-02T23:52:57.717-0900][1.762s] GC(3) Concurrent Mark From Roots 4.468ms
[2020-12-02T23:52:57.717-0900][1.762s] GC(3) Concurrent Preclean
[2020-12-02T23:52:57.717-0900][1.762s] GC(3) Concurrent Preclean 0.030ms
[2020-12-02T23:52:57.717-0900][1.762s] GC(3) Concurrent Mark (1.758s, 1.762s) 4.576ms
[2020-12-02T23:52:57.717-0900][1.762s] GC(3) Pause Remark
[2020-12-02T23:52:57.718-0900][1.763s] GC(3) Pause Remark 24M->24M(512M) 0.969ms
[2020-12-02T23:52:57.718-0900][1.763s] GC(3) User=0.01s Sys=0.00s Real=0.00s
[2020-12-02T23:52:57.718-0900][1.763s] GC(3) Concurrent Rebuild Remembered Sets
[2020-12-02T23:52:57.720-0900][1.765s] GC(3) Concurrent Rebuild Remembered Sets 1.965ms
[2020-12-02T23:52:57.720-0900][1.766s] GC(3) Pause Cleanup
[2020-12-02T23:52:57.720-0900][1.766s] GC(3) Pause Cleanup 25M->25M(512M) 0.105ms
[2020-12-02T23:52:57.720-0900][1.766s] GC(3) User=0.00s Sys=0.00s Real=0.00s
[2020-12-02T23:52:57.720-0900][1.766s] GC(3) Concurrent Cleanup for Next Mark
[2020-12-02T23:52:57.721-0900][1.766s] GC(3) Concurrent Cleanup for Next Mark 0.642ms
[2020-12-02T23:52:57.721-0900][1.766s] GC(3) Concurrent Cycle 11.378ms
[2020-12-02T23:52:58.843-0900][2.888s] GC(4) Pause Young (Concurrent Start) (Metadata GC Threshold)
[2020-12-02T23:52:58.843-0900][2.889s] GC(4) Using 10 workers of 10 for evacuation
[2020-12-02T23:52:58.850-0900][2.896s] GC(4)   Pre Evacuate Collection Set: 0.1ms
[2020-12-02T23:52:58.850-0900][2.896s] GC(4)   Merge Heap Roots: 0.1ms
[2020-12-02T23:52:58.850-0900][2.896s] GC(4)   Evacuate Collection Set: 6.2ms
[2020-12-02T23:52:58.850-0900][2.896s] GC(4)   Post Evacuate Collection Set: 0.7ms
[2020-12-02T23:52:58.850-0900][2.896s] GC(4)   Other: 0.2ms
[2020-12-02T23:52:58.850-0900][2.896s] GC(4) Eden regions: 194->0(281)
[2020-12-02T23:52:58.850-0900][2.896s] GC(4) Survivor regions: 15->26(35)
[2020-12-02T23:52:58.850-0900][2.896s] GC(4) Old regions: 4->4
[2020-12-02T23:52:58.850-0900][2.896s] GC(4) Archive regions: 2->2
[2020-12-02T23:52:58.850-0900][2.896s] GC(4) Humongous regions: 6->5
[2020-12-02T23:52:58.850-0900][2.896s] GC(4) Metaspace: 34789K(35888K)->34789K(35888K) NonClass: 30764K(31408K)->30764K(31408K) Class: 4025K(4480K)->4025K(4480K)
[2020-12-02T23:52:58.850-0900][2.896s] GC(4) Pause Young (Concurrent Start) (Metadata GC Threshold) 219M->35M(512M) 7.385ms
[2020-12-02T23:52:58.850-0900][2.896s] GC(4) User=0.06s Sys=0.00s Real=0.01s
[2020-12-02T23:52:58.850-0900][2.896s] GC(5) Concurrent Cycle
[2020-12-02T23:52:58.850-0900][2.896s] GC(5) Concurrent Clear Claimed Marks
[2020-12-02T23:52:58.850-0900][2.896s] GC(5) Concurrent Clear Claimed Marks 0.052ms
[2020-12-02T23:52:58.850-0900][2.896s] GC(5) Concurrent Scan Root Regions
[2020-12-02T23:52:58.855-0900][2.900s] GC(5) Concurrent Scan Root Regions 4.483ms
[2020-12-02T23:52:58.855-0900][2.900s] GC(5) Concurrent Mark (2.900s)
[2020-12-02T23:52:58.855-0900][2.901s] GC(5) Concurrent Mark From Roots
[2020-12-02T23:52:58.855-0900][2.901s] GC(5) Using 3 workers of 3 for marking
[2020-12-02T23:52:58.860-0900][2.905s] GC(5) Concurrent Mark From Roots 4.764ms
[2020-12-02T23:52:58.860-0900][2.905s] GC(5) Concurrent Preclean
[2020-12-02T23:52:58.860-0900][2.905s] GC(5) Concurrent Preclean 0.028ms
[2020-12-02T23:52:58.860-0900][2.905s] GC(5) Concurrent Mark (2.900s, 2.905s) 4.845ms
[2020-12-02T23:52:58.860-0900][2.905s] GC(5) Pause Remark
[2020-12-02T23:52:58.861-0900][2.907s] GC(5) Pause Remark 39M->39M(512M) 1.145ms
[2020-12-02T23:52:58.861-0900][2.907s] GC(5) User=0.01s Sys=0.00s Real=0.00s
[2020-12-02T23:52:58.861-0900][2.907s] GC(5) Concurrent Rebuild Remembered Sets
[2020-12-02T23:52:58.864-0900][2.909s] GC(5) Concurrent Rebuild Remembered Sets 2.588ms
[2020-12-02T23:52:58.864-0900][2.910s] GC(5) Pause Cleanup
[2020-12-02T23:52:58.864-0900][2.910s] GC(5) Pause Cleanup 40M->40M(512M) 0.099ms
[2020-12-02T23:52:58.864-0900][2.910s] GC(5) User=0.00s Sys=0.00s Real=0.00s
[2020-12-02T23:52:58.864-0900][2.910s] GC(5) Concurrent Cleanup for Next Mark
[2020-12-02T23:52:58.865-0900][2.911s] GC(5) Concurrent Cleanup for Next Mark 0.772ms
[2020-12-02T23:52:58.865-0900][2.911s] GC(5) Concurrent Cycle 14.711ms
[2020-12-02T23:52:59.126-0900][3.172s] GC(6) Pause Young (Normal) (G1 Evacuation Pause)
[2020-12-02T23:52:59.126-0900][3.172s] GC(6) Using 10 workers of 10 for evacuation
[2020-12-02T23:52:59.133-0900][3.179s] GC(6)   Pre Evacuate Collection Set: 0.1ms
[2020-12-02T23:52:59.133-0900][3.179s] GC(6)   Merge Heap Roots: 0.1ms
[2020-12-02T23:52:59.133-0900][3.179s] GC(6)   Evacuate Collection Set: 5.9ms
[2020-12-02T23:52:59.133-0900][3.179s] GC(6)   Post Evacuate Collection Set: 0.6ms
[2020-12-02T23:52:59.133-0900][3.179s] GC(6)   Other: 0.1ms
[2020-12-02T23:52:59.133-0900][3.179s] GC(6) Eden regions: 281->0(286)
[2020-12-02T23:52:59.133-0900][3.179s] GC(6) Survivor regions: 26->21(39)
[2020-12-02T23:52:59.133-0900][3.179s] GC(6) Old regions: 4->12
[2020-12-02T23:52:59.133-0900][3.179s] GC(6) Archive regions: 2->2
[2020-12-02T23:52:59.133-0900][3.179s] GC(6) Humongous regions: 5->5
[2020-12-02T23:52:59.133-0900][3.179s] GC(6) Metaspace: 37287K(38448K)->37287K(38448K) NonClass: 32906K(33712K)->32906K(33712K) Class: 4381K(4736K)->4381K(4736K)
[2020-12-02T23:52:59.133-0900][3.179s] GC(6) Pause Young (Normal) (G1 Evacuation Pause) 316M->38M(512M) 6.908ms
[2020-12-02T23:52:59.133-0900][3.179s] GC(6) User=0.07s Sys=0.00s Real=0.01s
[2020-12-02T23:53:58.542-0900][62.588s] GC(7) Pause Young (Normal) (G1 Evacuation Pause)
[2020-12-02T23:53:58.542-0900][62.588s] GC(7) Using 10 workers of 10 for evacuation
[2020-12-02T23:53:58.548-0900][62.594s] GC(7)   Pre Evacuate Collection Set: 0.1ms
[2020-12-02T23:53:58.548-0900][62.594s] GC(7)   Merge Heap Roots: 0.0ms
[2020-12-02T23:53:58.548-0900][62.594s] GC(7)   Evacuate Collection Set: 4.2ms
[2020-12-02T23:53:58.548-0900][62.594s] GC(7)   Post Evacuate Collection Set: 1.8ms
[2020-12-02T23:53:58.548-0900][62.594s] GC(7)   Other: 0.5ms
[2020-12-02T23:53:58.548-0900][62.594s] GC(7) Eden regions: 286->0(284)
[2020-12-02T23:53:58.548-0900][62.594s] GC(7) Survivor regions: 21->23(39)
[2020-12-02T23:53:58.548-0900][62.594s] GC(7) Old regions: 12->12
[2020-12-02T23:53:58.548-0900][62.594s] GC(7) Archive regions: 2->2
[2020-12-02T23:53:58.548-0900][62.594s] GC(7) Humongous regions: 5->5
[2020-12-02T23:53:58.548-0900][62.594s] GC(7) Metaspace: 42618K(43696K)->42618K(43696K) NonClass: 37651K(38320K)->37651K(38320K) Class: 4966K(5376K)->4966K(5376K)
[2020-12-02T23:53:58.548-0900][62.594s] GC(7) Pause Young (Normal) (G1 Evacuation Pause) 324M->40M(512M) 6.671ms
[2020-12-02T23:53:58.548-0900][62.594s] GC(7) User=0.05s Sys=0.00s Real=0.00s
[2020-12-03T01:21:22.995-0900][2533.310s] Heap
[2020-12-03T01:21:22.996-0900][2533.311s]  garbage-first heap   total 524288K, used 66315K [0x00000007e0000000, 0x0000000800000000)
[2020-12-03T01:21:22.996-0900][2533.311s]   region size 1024K, 48 young (49152K), 23 survivors (23552K)
[2020-12-03T01:21:22.996-0900][2533.311s]  Metaspace       used 43009K, capacity 43878K, committed 44208K, reserved 1087488K
[2020-12-03T01:21:22.996-0900][2533.311s]   class space    used 5003K, capacity 5336K, committed 5376K, reserved 1048576K
