[2020-12-03T02:04:33.051-0900][0.010s] Heap region size: 1M
[2020-12-03T02:04:33.051-0900][0.010s] Heap address: 0x00000007e0000000, size: 512 MB, Compressed Oops mode: Zero based, Oop shift amount: 3
[2020-12-03T02:04:33.249-0900][0.208s] Using G1
[2020-12-03T02:04:33.249-0900][0.208s] Mark closed archive regions in map: [0x00000007fff00000, 0x00000007fff7aff8]
[2020-12-03T02:04:33.249-0900][0.208s] Mark open archive regions in map: [0x00000007ffe00000, 0x00000007ffe50ff8]
[2020-12-03T02:04:33.265-0900][0.225s] Periodic GC disabled
[2020-12-03T02:04:33.600-0900][0.559s] GC(0) Pause Young (Normal) (G1 Evacuation Pause)
[2020-12-03T02:04:33.600-0900][0.559s] GC(0) Using 10 workers of 10 for evacuation
[2020-12-03T02:04:33.602-0900][0.561s] GC(0)   Pre Evacuate Collection Set: 0.0ms
[2020-12-03T02:04:33.602-0900][0.561s] GC(0)   Merge Heap Roots: 0.0ms
[2020-12-03T02:04:33.602-0900][0.561s] GC(0)   Evacuate Collection Set: 1.0ms
[2020-12-03T02:04:33.602-0900][0.561s] GC(0)   Post Evacuate Collection Set: 0.3ms
[2020-12-03T02:04:33.602-0900][0.561s] GC(0)   Other: 0.4ms
[2020-12-03T02:04:33.602-0900][0.561s] GC(0) Eden regions: 29->0(55)
[2020-12-03T02:04:33.602-0900][0.561s] GC(0) Survivor regions: 0->3(4)
[2020-12-03T02:04:33.602-0900][0.561s] GC(0) Old regions: 0->0
[2020-12-03T02:04:33.602-0900][0.561s] GC(0) Archive regions: 2->2
[2020-12-03T02:04:33.602-0900][0.561s] GC(0) Humongous regions: 0->0
[2020-12-03T02:04:33.602-0900][0.561s] GC(0) Metaspace: 5602K(7552K)->5602K(7552K) NonClass: 4932K(6656K)->4932K(6656K) Class: 669K(896K)->669K(896K)
[2020-12-03T02:04:33.602-0900][0.561s] GC(0) Pause Young (Normal) (G1 Evacuation Pause) 29M->3M(512M) 1.942ms
[2020-12-03T02:04:33.602-0900][0.561s] GC(0) User=0.01s Sys=0.00s Real=0.00s
[2020-12-03T02:04:34.095-0900][1.054s] GC(1) Pause Young (Normal) (G1 Evacuation Pause)
[2020-12-03T02:04:34.095-0900][1.054s] GC(1) Using 10 workers of 10 for evacuation
[2020-12-03T02:04:34.100-0900][1.059s] GC(1)   Pre Evacuate Collection Set: 0.1ms
[2020-12-03T02:04:34.100-0900][1.059s] GC(1)   Merge Heap Roots: 0.1ms
[2020-12-03T02:04:34.100-0900][1.059s] GC(1)   Evacuate Collection Set: 4.6ms
[2020-12-03T02:04:34.100-0900][1.059s] GC(1)   Post Evacuate Collection Set: 0.5ms
[2020-12-03T02:04:34.100-0900][1.059s] GC(1)   Other: 0.1ms
[2020-12-03T02:04:34.100-0900][1.059s] GC(1) Eden regions: 55->0(299)
[2020-12-03T02:04:34.100-0900][1.059s] GC(1) Survivor regions: 3->8(8)
[2020-12-03T02:04:34.100-0900][1.059s] GC(1) Old regions: 0->5
[2020-12-03T02:04:34.100-0900][1.059s] GC(1) Archive regions: 2->2
[2020-12-03T02:04:34.100-0900][1.059s] GC(1) Humongous regions: 4->4
[2020-12-03T02:04:34.100-0900][1.059s] GC(1) Metaspace: 15343K(16128K)->15343K(16128K) NonClass: 13498K(14080K)->13498K(14080K) Class: 1844K(2048K)->1844K(2048K)
[2020-12-03T02:04:34.100-0900][1.059s] GC(1) Pause Young (Normal) (G1 Evacuation Pause) 62M->16M(512M) 5.514ms
[2020-12-03T02:04:34.100-0900][1.059s] GC(1) User=0.05s Sys=0.00s Real=0.01s
[2020-12-03T02:04:34.506-0900][1.465s] GC(2) Pause Young (Concurrent Start) (Metadata GC Threshold)
[2020-12-03T02:04:34.506-0900][1.465s] GC(2) Using 10 workers of 10 for evacuation
[2020-12-03T02:04:34.511-0900][1.471s] GC(2)   Pre Evacuate Collection Set: 0.1ms
[2020-12-03T02:04:34.511-0900][1.471s] GC(2)   Merge Heap Roots: 0.1ms
[2020-12-03T02:04:34.511-0900][1.471s] GC(2)   Evacuate Collection Set: 4.0ms
[2020-12-03T02:04:34.511-0900][1.471s] GC(2)   Post Evacuate Collection Set: 0.8ms
[2020-12-03T02:04:34.511-0900][1.471s] GC(2)   Other: 0.3ms
[2020-12-03T02:04:34.511-0900][1.471s] GC(2) Eden regions: 53->0(263)
[2020-12-03T02:04:34.511-0900][1.471s] GC(2) Survivor regions: 8->15(39)
[2020-12-03T02:04:34.511-0900][1.471s] GC(2) Old regions: 5->5
[2020-12-03T02:04:34.511-0900][1.471s] GC(2) Archive regions: 2->2
[2020-12-03T02:04:34.511-0900][1.471s] GC(2) Humongous regions: 4->4
[2020-12-03T02:04:34.511-0900][1.471s] GC(2) Metaspace: 20516K(21296K)->20516K(21296K) NonClass: 18145K(18608K)->18145K(18608K) Class: 2371K(2688K)->2371K(2688K)
[2020-12-03T02:04:34.512-0900][1.471s] GC(2) Pause Young (Concurrent Start) (Metadata GC Threshold) 69M->23M(512M) 5.320ms
[2020-12-03T02:04:34.512-0900][1.471s] GC(2) User=0.04s Sys=0.00s Real=0.01s
[2020-12-03T02:04:34.512-0900][1.471s] GC(3) Concurrent Cycle
[2020-12-03T02:04:34.512-0900][1.471s] GC(3) Concurrent Clear Claimed Marks
[2020-12-03T02:04:34.512-0900][1.471s] GC(3) Concurrent Clear Claimed Marks 0.029ms
[2020-12-03T02:04:34.512-0900][1.471s] GC(3) Concurrent Scan Root Regions
[2020-12-03T02:04:34.514-0900][1.473s] GC(3) Concurrent Scan Root Regions 2.562ms
[2020-12-03T02:04:34.514-0900][1.473s] GC(3) Concurrent Mark (1.473s)
[2020-12-03T02:04:34.514-0900][1.473s] GC(3) Concurrent Mark From Roots
[2020-12-03T02:04:34.514-0900][1.473s] GC(3) Using 3 workers of 3 for marking
[2020-12-03T02:04:34.518-0900][1.478s] GC(3) Concurrent Mark From Roots 4.056ms
[2020-12-03T02:04:34.518-0900][1.478s] GC(3) Concurrent Preclean
[2020-12-03T02:04:34.518-0900][1.478s] GC(3) Concurrent Preclean 0.030ms
[2020-12-03T02:04:34.518-0900][1.478s] GC(3) Concurrent Mark (1.473s, 1.478s) 4.128ms
[2020-12-03T02:04:34.518-0900][1.478s] GC(3) Pause Remark
[2020-12-03T02:04:34.519-0900][1.478s] GC(3) Pause Remark 24M->24M(512M) 0.771ms
[2020-12-03T02:04:34.519-0900][1.478s] GC(3) User=0.00s Sys=0.00s Real=0.00s
[2020-12-03T02:04:34.519-0900][1.478s] GC(3) Concurrent Rebuild Remembered Sets
[2020-12-03T02:04:34.521-0900][1.481s] GC(3) Concurrent Rebuild Remembered Sets 2.018ms
[2020-12-03T02:04:34.521-0900][1.481s] GC(3) Pause Cleanup
[2020-12-03T02:04:34.522-0900][1.481s] GC(3) Pause Cleanup 24M->24M(512M) 0.055ms
[2020-12-03T02:04:34.522-0900][1.481s] GC(3) User=0.00s Sys=0.00s Real=0.00s
[2020-12-03T02:04:34.522-0900][1.481s] GC(3) Concurrent Cleanup for Next Mark
[2020-12-03T02:04:34.522-0900][1.481s] GC(3) Concurrent Cleanup for Next Mark 0.569ms
[2020-12-03T02:04:34.522-0900][1.481s] GC(3) Concurrent Cycle 10.598ms
[2020-12-03T02:04:35.576-0900][2.536s] GC(4) Pause Young (Concurrent Start) (GCLocker Initiated GC)
[2020-12-03T02:04:35.576-0900][2.536s] GC(4) Using 10 workers of 10 for evacuation
[2020-12-03T02:04:35.585-0900][2.544s] GC(4)   Pre Evacuate Collection Set: 0.1ms
[2020-12-03T02:04:35.585-0900][2.544s] GC(4)   Merge Heap Roots: 0.1ms
[2020-12-03T02:04:35.585-0900][2.544s] GC(4)   Evacuate Collection Set: 7.1ms
[2020-12-03T02:04:35.585-0900][2.544s] GC(4)   Post Evacuate Collection Set: 0.8ms
[2020-12-03T02:04:35.585-0900][2.544s] GC(4)   Other: 0.2ms
[2020-12-03T02:04:35.585-0900][2.544s] GC(4) Eden regions: 193->0(282)
[2020-12-03T02:04:35.585-0900][2.544s] GC(4) Survivor regions: 15->25(39)
[2020-12-03T02:04:35.585-0900][2.544s] GC(4) Old regions: 4->4
[2020-12-03T02:04:35.585-0900][2.544s] GC(4) Archive regions: 2->2
[2020-12-03T02:04:35.585-0900][2.544s] GC(4) Humongous regions: 6->6
[2020-12-03T02:04:35.585-0900][2.544s] GC(4) Metaspace: 34796K(36144K)->34796K(36144K) NonClass: 30772K(31664K)->30772K(31664K) Class: 4024K(4480K)->4024K(4480K)
[2020-12-03T02:04:35.585-0900][2.544s] GC(4) Pause Young (Concurrent Start) (GCLocker Initiated GC) 217M->35M(512M) 8.455ms
[2020-12-03T02:04:35.585-0900][2.544s] GC(4) User=0.07s Sys=0.01s Real=0.01s
[2020-12-03T02:04:35.585-0900][2.544s] GC(5) Concurrent Cycle
[2020-12-03T02:04:35.585-0900][2.544s] GC(5) Concurrent Clear Claimed Marks
[2020-12-03T02:04:35.585-0900][2.544s] GC(5) Concurrent Clear Claimed Marks 0.085ms
[2020-12-03T02:04:35.585-0900][2.544s] GC(5) Concurrent Scan Root Regions
[2020-12-03T02:04:35.591-0900][2.550s] GC(5) Concurrent Scan Root Regions 5.647ms
[2020-12-03T02:04:35.591-0900][2.550s] GC(5) Concurrent Mark (2.550s)
[2020-12-03T02:04:35.591-0900][2.550s] GC(5) Concurrent Mark From Roots
[2020-12-03T02:04:35.591-0900][2.550s] GC(5) Using 3 workers of 3 for marking
[2020-12-03T02:04:35.596-0900][2.555s] GC(5) Concurrent Mark From Roots 4.881ms
[2020-12-03T02:04:35.596-0900][2.555s] GC(5) Concurrent Preclean
[2020-12-03T02:04:35.596-0900][2.555s] GC(5) Concurrent Preclean 0.032ms
[2020-12-03T02:04:35.596-0900][2.555s] GC(5) Concurrent Mark (2.550s, 2.555s) 4.975ms
[2020-12-03T02:04:35.598-0900][2.557s] GC(5) Pause Remark
[2020-12-03T02:04:35.599-0900][2.558s] GC(5) Pause Remark 40M->40M(512M) 1.211ms
[2020-12-03T02:04:35.599-0900][2.558s] GC(5) User=0.00s Sys=0.00s Real=0.00s
[2020-12-03T02:04:35.599-0900][2.558s] GC(5) Concurrent Rebuild Remembered Sets
[2020-12-03T02:04:35.602-0900][2.561s] GC(5) Concurrent Rebuild Remembered Sets 2.873ms
[2020-12-03T02:04:35.602-0900][2.562s] GC(5) Pause Cleanup
[2020-12-03T02:04:35.603-0900][2.562s] GC(5) Pause Cleanup 40M->40M(512M) 0.090ms
[2020-12-03T02:04:35.603-0900][2.562s] GC(5) User=0.00s Sys=0.00s Real=0.00s
[2020-12-03T02:04:35.603-0900][2.562s] GC(5) Concurrent Cleanup for Next Mark
[2020-12-03T02:04:35.603-0900][2.563s] GC(5) Concurrent Cleanup for Next Mark 0.778ms
[2020-12-03T02:04:35.603-0900][2.563s] GC(5) Concurrent Cycle 18.509ms
[2020-12-03T02:04:35.841-0900][2.800s] GC(6) Pause Young (Normal) (G1 Evacuation Pause)
[2020-12-03T02:04:35.841-0900][2.800s] GC(6) Using 10 workers of 10 for evacuation
[2020-12-03T02:04:35.850-0900][2.810s] GC(6)   Pre Evacuate Collection Set: 0.1ms
[2020-12-03T02:04:35.850-0900][2.810s] GC(6)   Merge Heap Roots: 0.1ms
[2020-12-03T02:04:35.850-0900][2.810s] GC(6)   Evacuate Collection Set: 8.2ms
[2020-12-03T02:04:35.850-0900][2.810s] GC(6)   Post Evacuate Collection Set: 0.8ms
[2020-12-03T02:04:35.851-0900][2.810s] GC(6)   Other: 0.2ms
[2020-12-03T02:04:35.851-0900][2.810s] GC(6) Eden regions: 282->0(286)
[2020-12-03T02:04:35.851-0900][2.810s] GC(6) Survivor regions: 25->21(39)
[2020-12-03T02:04:35.851-0900][2.810s] GC(6) Old regions: 4->12
[2020-12-03T02:04:35.851-0900][2.810s] GC(6) Archive regions: 2->2
[2020-12-03T02:04:35.851-0900][2.810s] GC(6) Humongous regions: 6->5
[2020-12-03T02:04:35.851-0900][2.810s] GC(6) Metaspace: 37266K(38448K)->37266K(38448K) NonClass: 32886K(33712K)->32886K(33712K) Class: 4379K(4736K)->4379K(4736K)
[2020-12-03T02:04:35.851-0900][2.810s] GC(6) Pause Young (Normal) (G1 Evacuation Pause) 317M->38M(512M) 9.411ms
[2020-12-03T02:04:35.851-0900][2.810s] GC(6) User=0.09s Sys=0.01s Real=0.01s
[2020-12-03T02:04:36.270-0900][3.229s] GC(7) Pause Young (Normal) (G1 Evacuation Pause)
[2020-12-03T02:04:36.270-0900][3.229s] GC(7) Using 10 workers of 10 for evacuation
[2020-12-03T02:04:36.275-0900][3.234s] GC(7)   Pre Evacuate Collection Set: 0.1ms
[2020-12-03T02:04:36.275-0900][3.234s] GC(7)   Merge Heap Roots: 0.1ms
[2020-12-03T02:04:36.275-0900][3.234s] GC(7)   Evacuate Collection Set: 4.0ms
[2020-12-03T02:04:36.275-0900][3.234s] GC(7)   Post Evacuate Collection Set: 0.5ms
[2020-12-03T02:04:36.275-0900][3.234s] GC(7)   Other: 0.1ms
[2020-12-03T02:04:36.275-0900][3.234s] GC(7) Eden regions: 286->0(286)
[2020-12-03T02:04:36.275-0900][3.234s] GC(7) Survivor regions: 21->21(39)
[2020-12-03T02:04:36.275-0900][3.234s] GC(7) Old regions: 12->12
[2020-12-03T02:04:36.275-0900][3.234s] GC(7) Archive regions: 2->2
[2020-12-03T02:04:36.275-0900][3.234s] GC(7) Humongous regions: 5->5
[2020-12-03T02:04:36.275-0900][3.234s] GC(7) Metaspace: 41463K(42672K)->41463K(42672K) NonClass: 36553K(37296K)->36553K(37296K) Class: 4910K(5376K)->4910K(5376K)
[2020-12-03T02:04:36.275-0900][3.234s] GC(7) Pause Young (Normal) (G1 Evacuation Pause) 324M->38M(512M) 4.887ms
[2020-12-03T02:04:36.275-0900][3.234s] GC(7) User=0.05s Sys=0.01s Real=0.00s
[2020-12-03T02:14:24.405-0900][591.325s] GC(8) Pause Young (Normal) (G1 Evacuation Pause)
[2020-12-03T02:14:24.406-0900][591.326s] GC(8) Using 10 workers of 10 for evacuation
[2020-12-03T02:14:24.415-0900][591.335s] GC(8)   Pre Evacuate Collection Set: 0.1ms
[2020-12-03T02:14:24.415-0900][591.335s] GC(8)   Merge Heap Roots: 0.1ms
[2020-12-03T02:14:24.415-0900][591.335s] GC(8)   Evacuate Collection Set: 8.3ms
[2020-12-03T02:14:24.415-0900][591.335s] GC(8)   Post Evacuate Collection Set: 0.9ms
[2020-12-03T02:14:24.415-0900][591.335s] GC(8)   Other: 1.0ms
[2020-12-03T02:14:24.415-0900][591.335s] GC(8) Eden regions: 286->0(273)
[2020-12-03T02:14:24.415-0900][591.335s] GC(8) Survivor regions: 21->34(39)
[2020-12-03T02:14:24.415-0900][591.335s] GC(8) Old regions: 12->12
[2020-12-03T02:14:24.415-0900][591.335s] GC(8) Archive regions: 2->2
[2020-12-03T02:14:24.415-0900][591.335s] GC(8) Humongous regions: 8->8
[2020-12-03T02:14:24.415-0900][591.335s] GC(8) Metaspace: 50564K(52016K)->50564K(52016K) NonClass: 44527K(45488K)->44527K(45488K) Class: 6036K(6528K)->6036K(6528K)
[2020-12-03T02:14:24.415-0900][591.335s] GC(8) Pause Young (Normal) (G1 Evacuation Pause) 327M->54M(512M) 10.405ms
[2020-12-03T02:14:24.415-0900][591.335s] GC(8) User=0.09s Sys=0.01s Real=0.01s
[2020-12-03T17:05:24.565-0900][10559.783s] GC(9) Pause Young (Normal) (G1 Evacuation Pause)
[2020-12-03T17:05:24.566-0900][10559.784s] GC(9) Using 10 workers of 10 for evacuation
[2020-12-03T17:05:24.646-0900][10559.864s] GC(9)   Pre Evacuate Collection Set: 0.5ms
[2020-12-03T17:05:24.646-0900][10559.864s] GC(9)   Merge Heap Roots: 0.2ms
[2020-12-03T17:05:24.646-0900][10559.864s] GC(9)   Evacuate Collection Set: 78.6ms
[2020-12-03T17:05:24.646-0900][10559.864s] GC(9)   Post Evacuate Collection Set: 1.0ms
[2020-12-03T17:05:24.646-0900][10559.864s] GC(9)   Other: 1.0ms
[2020-12-03T17:05:24.646-0900][10559.864s] GC(9) Eden regions: 273->0(288)
[2020-12-03T17:05:24.646-0900][10559.864s] GC(9) Survivor regions: 34->19(39)
[2020-12-03T17:05:24.646-0900][10559.864s] GC(9) Old regions: 12->27
[2020-12-03T17:05:24.646-0900][10559.864s] GC(9) Archive regions: 2->2
[2020-12-03T17:05:24.646-0900][10559.864s] GC(9) Humongous regions: 8->8
[2020-12-03T17:05:24.646-0900][10559.864s] GC(9) Metaspace: 50913K(52272K)->50913K(52272K) NonClass: 44875K(45744K)->44875K(45744K) Class: 6037K(6528K)->6037K(6528K)
[2020-12-03T17:05:24.646-0900][10559.864s] GC(9) Pause Young (Normal) (G1 Evacuation Pause) 327M->54M(512M) 81.363ms
[2020-12-03T17:05:24.646-0900][10559.864s] GC(9) User=0.10s Sys=0.38s Real=0.08s
[2020-12-03T22:31:34.695-0900][23106.529s] GC(10) Pause Young (Normal) (G1 Evacuation Pause)
[2020-12-03T22:31:34.697-0900][23106.530s] GC(10) Using 10 workers of 10 for evacuation
[2020-12-03T22:31:34.756-0900][23106.590s] GC(10)   Pre Evacuate Collection Set: 0.7ms
[2020-12-03T22:31:34.756-0900][23106.590s] GC(10)   Merge Heap Roots: 0.3ms
[2020-12-03T22:31:34.756-0900][23106.590s] GC(10)   Evacuate Collection Set: 57.0ms
[2020-12-03T22:31:34.756-0900][23106.590s] GC(10)   Post Evacuate Collection Set: 1.3ms
[2020-12-03T22:31:34.756-0900][23106.590s] GC(10)   Other: 1.6ms
[2020-12-03T22:31:34.756-0900][23106.590s] GC(10) Eden regions: 288->0(288)
[2020-12-03T22:31:34.756-0900][23106.590s] GC(10) Survivor regions: 19->19(39)
[2020-12-03T22:31:34.756-0900][23106.590s] GC(10) Old regions: 27->27
[2020-12-03T22:31:34.756-0900][23106.590s] GC(10) Archive regions: 2->2
[2020-12-03T22:31:34.756-0900][23106.590s] GC(10) Humongous regions: 8->8
[2020-12-03T22:31:34.756-0900][23106.590s] GC(10) Metaspace: 52893K(54320K)->52893K(54320K) NonClass: 46656K(47536K)->46656K(47536K) Class: 6236K(6784K)->6236K(6784K)
[2020-12-03T22:31:34.756-0900][23106.590s] GC(10) Pause Young (Normal) (G1 Evacuation Pause) 342M->54M(512M) 60.943ms
[2020-12-03T22:31:34.756-0900][23106.590s] GC(10) User=0.06s Sys=0.28s Real=0.06s
[2020-12-04T23:25:45.618-0900][47772.082s] GC(11) Pause Young (Normal) (G1 Evacuation Pause)
[2020-12-04T23:25:45.620-0900][47772.083s] GC(11) Using 10 workers of 10 for evacuation
[2020-12-04T23:25:45.681-0900][47772.144s] GC(11)   Pre Evacuate Collection Set: 0.5ms
[2020-12-04T23:25:45.681-0900][47772.144s] GC(11)   Merge Heap Roots: 0.2ms
[2020-12-04T23:25:45.681-0900][47772.144s] GC(11)   Evacuate Collection Set: 57.1ms
[2020-12-04T23:25:45.681-0900][47772.144s] GC(11)   Post Evacuate Collection Set: 1.8ms
[2020-12-04T23:25:45.681-0900][47772.144s] GC(11)   Other: 3.0ms
[2020-12-04T23:25:45.681-0900][47772.144s] GC(11) Eden regions: 288->0(289)
[2020-12-04T23:25:45.681-0900][47772.144s] GC(11) Survivor regions: 19->18(39)
[2020-12-04T23:25:45.681-0900][47772.144s] GC(11) Old regions: 27->27
[2020-12-04T23:25:45.681-0900][47772.144s] GC(11) Archive regions: 2->2
[2020-12-04T23:25:45.681-0900][47772.144s] GC(11) Humongous regions: 8->8
[2020-12-04T23:25:45.682-0900][47772.145s] GC(11) Metaspace: 52936K(54320K)->52936K(54320K) NonClass: 46699K(47536K)->46699K(47536K) Class: 6236K(6784K)->6236K(6784K)
[2020-12-04T23:25:45.682-0900][47772.145s] GC(11) Pause Young (Normal) (G1 Evacuation Pause) 342M->53M(512M) 63.783ms
[2020-12-04T23:25:45.682-0900][47772.145s] GC(11) User=0.07s Sys=0.28s Real=0.07s
[2020-12-05T21:40:16.953-0900][72477.784s] GC(12) Pause Young (Normal) (G1 Evacuation Pause)
[2020-12-05T21:40:16.954-0900][72477.785s] GC(12) Using 10 workers of 10 for evacuation
[2020-12-05T21:40:17.013-0900][72477.844s] GC(12)   Pre Evacuate Collection Set: 0.8ms
[2020-12-05T21:40:17.013-0900][72477.844s] GC(12)   Merge Heap Roots: 0.2ms
[2020-12-05T21:40:17.013-0900][72477.844s] GC(12)   Evacuate Collection Set: 54.0ms
[2020-12-05T21:40:17.013-0900][72477.844s] GC(12)   Post Evacuate Collection Set: 1.6ms
[2020-12-05T21:40:17.013-0900][72477.844s] GC(12)   Other: 4.8ms
[2020-12-05T21:40:17.013-0900][72477.844s] GC(12) Eden regions: 289->0(288)
[2020-12-05T21:40:17.013-0900][72477.844s] GC(12) Survivor regions: 18->19(39)
[2020-12-05T21:40:17.013-0900][72477.844s] GC(12) Old regions: 27->27
[2020-12-05T21:40:17.013-0900][72477.844s] GC(12) Archive regions: 2->2
[2020-12-05T21:40:17.013-0900][72477.844s] GC(12) Humongous regions: 8->8
[2020-12-05T21:40:17.013-0900][72477.844s] GC(12) Metaspace: 52937K(54320K)->52937K(54320K) NonClass: 46700K(47536K)->46700K(47536K) Class: 6236K(6784K)->6236K(6784K)
[2020-12-05T21:40:17.014-0900][72477.845s] GC(12) Pause Young (Normal) (G1 Evacuation Pause) 342M->54M(512M) 61.059ms
[2020-12-05T21:40:17.014-0900][72477.845s] GC(12) User=0.06s Sys=0.27s Real=0.06s
[2020-12-06T20:44:54.127-0900][97164.355s] GC(13) Pause Young (Normal) (G1 Evacuation Pause)
[2020-12-06T20:44:54.128-0900][97164.356s] GC(13) Using 10 workers of 10 for evacuation
[2020-12-06T20:44:54.188-0900][97164.415s] GC(13)   Pre Evacuate Collection Set: 1.3ms
[2020-12-06T20:44:54.188-0900][97164.415s] GC(13)   Merge Heap Roots: 0.7ms
[2020-12-06T20:44:54.188-0900][97164.415s] GC(13)   Evacuate Collection Set: 53.3ms
[2020-12-06T20:44:54.188-0900][97164.415s] GC(13)   Post Evacuate Collection Set: 1.7ms
[2020-12-06T20:44:54.188-0900][97164.415s] GC(13)   Other: 5.0ms
[2020-12-06T20:44:54.188-0900][97164.415s] GC(13) Eden regions: 288->0(288)
[2020-12-06T20:44:54.188-0900][97164.415s] GC(13) Survivor regions: 19->19(39)
[2020-12-06T20:44:54.188-0900][97164.415s] GC(13) Old regions: 27->27
[2020-12-06T20:44:54.188-0900][97164.415s] GC(13) Archive regions: 2->2
[2020-12-06T20:44:54.188-0900][97164.415s] GC(13) Humongous regions: 8->8
[2020-12-06T20:44:54.188-0900][97164.415s] GC(13) Metaspace: 52938K(54320K)->52938K(54320K) NonClass: 46701K(47536K)->46701K(47536K) Class: 6236K(6784K)->6236K(6784K)
[2020-12-06T20:44:54.188-0900][97164.416s] GC(13) Pause Young (Normal) (G1 Evacuation Pause) 342M->53M(512M) 61.266ms
[2020-12-06T20:44:54.188-0900][97164.416s] GC(13) User=0.06s Sys=0.27s Real=0.06s
[2020-12-07T17:38:19.082-0900][121828.375s] GC(14) Pause Young (Normal) (G1 Evacuation Pause)
[2020-12-07T17:38:19.085-0900][121828.377s] GC(14) Using 10 workers of 10 for evacuation
[2020-12-07T17:38:19.145-0900][121828.438s] GC(14)   Pre Evacuate Collection Set: 0.8ms
[2020-12-07T17:38:19.145-0900][121828.438s] GC(14)   Merge Heap Roots: 0.5ms
[2020-12-07T17:38:19.145-0900][121828.438s] GC(14)   Evacuate Collection Set: 52.4ms
[2020-12-07T17:38:19.145-0900][121828.438s] GC(14)   Post Evacuate Collection Set: 3.5ms
[2020-12-07T17:38:19.145-0900][121828.438s] GC(14)   Other: 10.9ms
[2020-12-07T17:38:19.145-0900][121828.438s] GC(14) Eden regions: 288->0(288)
[2020-12-07T17:38:19.145-0900][121828.438s] GC(14) Survivor regions: 19->19(39)
[2020-12-07T17:38:19.145-0900][121828.438s] GC(14) Old regions: 27->27
[2020-12-07T17:38:19.145-0900][121828.438s] GC(14) Archive regions: 2->2
[2020-12-07T17:38:19.145-0900][121828.438s] GC(14) Humongous regions: 8->8
[2020-12-07T17:38:19.146-0900][121828.438s] GC(14) Metaspace: 52938K(54320K)->52938K(54320K) NonClass: 46702K(47536K)->46702K(47536K) Class: 6236K(6784K)->6236K(6784K)
[2020-12-07T17:38:19.146-0900][121828.439s] GC(14) Pause Young (Normal) (G1 Evacuation Pause) 341M->53M(512M) 65.108ms
[2020-12-07T17:38:19.146-0900][121828.439s] GC(14) User=0.06s Sys=0.28s Real=0.06s
[2020-12-08T03:02:07.476-0900][146433.475s] GC(15) Pause Young (Normal) (G1 Evacuation Pause)
[2020-12-08T03:02:07.477-0900][146433.476s] GC(15) Using 10 workers of 10 for evacuation
[2020-12-08T03:02:07.545-0900][146433.545s] GC(15)   Pre Evacuate Collection Set: 0.8ms
[2020-12-08T03:02:07.545-0900][146433.545s] GC(15)   Merge Heap Roots: 0.2ms
[2020-12-08T03:02:07.545-0900][146433.545s] GC(15)   Evacuate Collection Set: 64.9ms
[2020-12-08T03:02:07.545-0900][146433.545s] GC(15)   Post Evacuate Collection Set: 1.6ms
[2020-12-08T03:02:07.545-0900][146433.545s] GC(15)   Other: 2.3ms
[2020-12-08T03:02:07.545-0900][146433.545s] GC(15) Eden regions: 288->0(288)
[2020-12-08T03:02:07.545-0900][146433.545s] GC(15) Survivor regions: 19->19(39)
[2020-12-08T03:02:07.545-0900][146433.545s] GC(15) Old regions: 27->27
[2020-12-08T03:02:07.545-0900][146433.545s] GC(15) Archive regions: 2->2
[2020-12-08T03:02:07.545-0900][146433.545s] GC(15) Humongous regions: 8->8
[2020-12-08T03:02:07.545-0900][146433.545s] GC(15) Metaspace: 52949K(54320K)->52949K(54320K) NonClass: 46711K(47536K)->46711K(47536K) Class: 6237K(6784K)->6237K(6784K)
[2020-12-08T03:02:07.545-0900][146433.545s] GC(15) Pause Young (Normal) (G1 Evacuation Pause) 341M->53M(512M) 69.821ms
[2020-12-08T03:02:07.545-0900][146433.545s] GC(15) User=0.07s Sys=0.31s Real=0.07s
[2020-12-09T02:39:42.147-0900][171157.021s] GC(16) Pause Young (Normal) (G1 Evacuation Pause)
[2020-12-09T02:39:42.149-0900][171157.023s] GC(16) Using 10 workers of 10 for evacuation
[2020-12-09T02:39:42.215-0900][171157.089s] GC(16)   Pre Evacuate Collection Set: 0.8ms
[2020-12-09T02:39:42.215-0900][171157.089s] GC(16)   Merge Heap Roots: 0.7ms
[2020-12-09T02:39:42.215-0900][171157.089s] GC(16)   Evacuate Collection Set: 58.5ms
[2020-12-09T02:39:42.215-0900][171157.089s] GC(16)   Post Evacuate Collection Set: 3.0ms
[2020-12-09T02:39:42.215-0900][171157.090s] GC(16)   Other: 8.4ms
[2020-12-09T02:39:42.215-0900][171157.090s] GC(16) Eden regions: 288->0(289)
[2020-12-09T02:39:42.215-0900][171157.090s] GC(16) Survivor regions: 19->18(39)
[2020-12-09T02:39:42.215-0900][171157.090s] GC(16) Old regions: 27->27
[2020-12-09T02:39:42.215-0900][171157.090s] GC(16) Archive regions: 2->2
[2020-12-09T02:39:42.215-0900][171157.090s] GC(16) Humongous regions: 8->8
[2020-12-09T02:39:42.216-0900][171157.090s] GC(16) Metaspace: 52958K(54320K)->52958K(54320K) NonClass: 46721K(47536K)->46721K(47536K) Class: 6237K(6784K)->6237K(6784K)
[2020-12-09T02:39:42.216-0900][171157.091s] GC(16) Pause Young (Normal) (G1 Evacuation Pause) 341M->53M(512M) 69.968ms
[2020-12-09T02:39:42.216-0900][171157.091s] GC(16) User=0.07s Sys=0.29s Real=0.07s
[2020-12-09T19:48:39.454-0900][196060.932s] GC(17) Pause Young (Normal) (G1 Evacuation Pause)
[2020-12-09T19:48:39.457-0900][196060.935s] GC(17) Using 10 workers of 10 for evacuation
[2020-12-09T19:48:39.522-0900][196061.000s] GC(17)   Pre Evacuate Collection Set: 1.0ms
[2020-12-09T19:48:39.522-0900][196061.000s] GC(17)   Merge Heap Roots: 0.7ms
[2020-12-09T19:48:39.522-0900][196061.000s] GC(17)   Evacuate Collection Set: 56.2ms
[2020-12-09T19:48:39.522-0900][196061.000s] GC(17)   Post Evacuate Collection Set: 3.2ms
[2020-12-09T19:48:39.522-0900][196061.000s] GC(17)   Other: 12.9ms
[2020-12-09T19:48:39.522-0900][196061.000s] GC(17) Eden regions: 289->0(288)
[2020-12-09T19:48:39.522-0900][196061.000s] GC(17) Survivor regions: 18->19(39)
[2020-12-09T19:48:39.522-0900][196061.000s] GC(17) Old regions: 27->27
[2020-12-09T19:48:39.522-0900][196061.000s] GC(17) Archive regions: 2->2
[2020-12-09T19:48:39.522-0900][196061.000s] GC(17) Humongous regions: 8->8
[2020-12-09T19:48:39.523-0900][196061.000s] GC(17) Metaspace: 52963K(54320K)->52963K(54320K) NonClass: 46725K(47536K)->46725K(47536K) Class: 6237K(6784K)->6237K(6784K)
[2020-12-09T19:48:39.523-0900][196061.001s] GC(17) Pause Young (Normal) (G1 Evacuation Pause) 342M->54M(512M) 70.364ms
[2020-12-09T19:48:39.523-0900][196061.001s] GC(17) User=0.06s Sys=0.28s Real=0.07s
[2020-12-10T04:04:47.561-0900][220784.343s] GC(18) Pause Young (Normal) (G1 Evacuation Pause)
[2020-12-10T04:04:47.562-0900][220784.344s] GC(18) Using 10 workers of 10 for evacuation
[2020-12-10T04:04:47.627-0900][220784.409s] GC(18)   Pre Evacuate Collection Set: 0.6ms
[2020-12-10T04:04:47.627-0900][220784.409s] GC(18)   Merge Heap Roots: 0.2ms
[2020-12-10T04:04:47.627-0900][220784.409s] GC(18)   Evacuate Collection Set: 62.6ms
[2020-12-10T04:04:47.627-0900][220784.409s] GC(18)   Post Evacuate Collection Set: 1.6ms
[2020-12-10T04:04:47.627-0900][220784.409s] GC(18)   Other: 1.2ms
[2020-12-10T04:04:47.627-0900][220784.409s] GC(18) Eden regions: 288->0(289)
[2020-12-10T04:04:47.627-0900][220784.409s] GC(18) Survivor regions: 19->18(39)
[2020-12-10T04:04:47.627-0900][220784.409s] GC(18) Old regions: 27->27
[2020-12-10T04:04:47.627-0900][220784.409s] GC(18) Archive regions: 2->2
[2020-12-10T04:04:47.627-0900][220784.409s] GC(18) Humongous regions: 8->8
[2020-12-10T04:04:47.627-0900][220784.409s] GC(18) Metaspace: 52967K(54320K)->52967K(54320K) NonClass: 46729K(47536K)->46729K(47536K) Class: 6237K(6784K)->6237K(6784K)
[2020-12-10T04:04:47.627-0900][220784.409s] GC(18) Pause Young (Normal) (G1 Evacuation Pause) 342M->53M(512M) 66.255ms
[2020-12-10T04:04:47.627-0900][220784.409s] GC(18) User=0.07s Sys=0.31s Real=0.06s
[2020-12-10T20:27:58.131-0900][245327.944s] GC(19) Pause Young (Normal) (G1 Evacuation Pause)
[2020-12-10T20:27:58.133-0900][245327.946s] GC(19) Using 10 workers of 10 for evacuation
[2020-12-10T20:27:58.202-0900][245328.015s] GC(19)   Pre Evacuate Collection Set: 1.7ms
[2020-12-10T20:27:58.202-0900][245328.015s] GC(19)   Merge Heap Roots: 0.2ms
[2020-12-10T20:27:58.202-0900][245328.015s] GC(19)   Evacuate Collection Set: 64.7ms
[2020-12-10T20:27:58.202-0900][245328.015s] GC(19)   Post Evacuate Collection Set: 2.0ms
[2020-12-10T20:27:58.202-0900][245328.015s] GC(19)   Other: 2.1ms
[2020-12-10T20:27:58.202-0900][245328.015s] GC(19) Eden regions: 289->0(288)
[2020-12-10T20:27:58.202-0900][245328.015s] GC(19) Survivor regions: 18->19(39)
[2020-12-10T20:27:58.202-0900][245328.015s] GC(19) Old regions: 27->27
[2020-12-10T20:27:58.202-0900][245328.015s] GC(19) Archive regions: 2->2
[2020-12-10T20:27:58.202-0900][245328.015s] GC(19) Humongous regions: 8->8
[2020-12-10T20:27:58.202-0900][245328.015s] GC(19) Metaspace: 53289K(54576K)->53289K(54576K) NonClass: 47026K(47792K)->47026K(47792K) Class: 6262K(6784K)->6262K(6784K)
[2020-12-10T20:27:58.202-0900][245328.015s] GC(19) Pause Young (Normal) (G1 Evacuation Pause) 342M->53M(512M) 70.791ms
[2020-12-10T20:27:58.202-0900][245328.015s] GC(19) User=0.07s Sys=0.31s Real=0.07s
[2020-12-12T17:02:00.097-0900][270056.002s] GC(20) Pause Young (Normal) (G1 Evacuation Pause)
[2020-12-12T17:02:00.099-0900][270056.004s] GC(20) Using 10 workers of 10 for evacuation
[2020-12-12T17:02:00.159-0900][270056.063s] GC(20)   Pre Evacuate Collection Set: 0.7ms
[2020-12-12T17:02:00.159-0900][270056.063s] GC(20)   Merge Heap Roots: 1.0ms
[2020-12-12T17:02:00.159-0900][270056.063s] GC(20)   Evacuate Collection Set: 53.5ms
[2020-12-12T17:02:00.159-0900][270056.063s] GC(20)   Post Evacuate Collection Set: 2.9ms
[2020-12-12T17:02:00.159-0900][270056.064s] GC(20)   Other: 5.2ms
[2020-12-12T17:02:00.159-0900][270056.064s] GC(20) Eden regions: 288->0(288)
[2020-12-12T17:02:00.159-0900][270056.064s] GC(20) Survivor regions: 19->19(39)
[2020-12-12T17:02:00.160-0900][270056.064s] GC(20) Old regions: 27->27
[2020-12-12T17:02:00.160-0900][270056.064s] GC(20) Archive regions: 2->2
[2020-12-12T17:02:00.160-0900][270056.064s] GC(20) Humongous regions: 8->8
[2020-12-12T17:02:00.160-0900][270056.064s] GC(20) Metaspace: 53292K(54832K)->53292K(54832K) NonClass: 47030K(48048K)->47030K(48048K) Class: 6262K(6784K)->6262K(6784K)
[2020-12-12T17:02:00.160-0900][270056.065s] GC(20) Pause Young (Normal) (G1 Evacuation Pause) 341M->54M(512M) 63.357ms
[2020-12-12T17:02:00.160-0900][270056.065s] GC(20) User=0.06s Sys=0.28s Real=0.07s
[2020-12-13T11:07:36.374-0900][294726.700s] GC(21) Pause Young (Normal) (G1 Evacuation Pause)
[2020-12-13T11:07:36.377-0900][294726.703s] GC(21) Using 10 workers of 10 for evacuation
[2020-12-13T11:07:36.441-0900][294726.767s] GC(21)   Pre Evacuate Collection Set: 1.1ms
[2020-12-13T11:07:36.441-0900][294726.767s] GC(21)   Merge Heap Roots: 0.6ms
[2020-12-13T11:07:36.441-0900][294726.767s] GC(21)   Evacuate Collection Set: 52.6ms
[2020-12-13T11:07:36.441-0900][294726.767s] GC(21)   Post Evacuate Collection Set: 3.8ms
[2020-12-13T11:07:36.441-0900][294726.767s] GC(21)   Other: 14.8ms
[2020-12-13T11:07:36.441-0900][294726.767s] GC(21) Eden regions: 288->0(290)
[2020-12-13T11:07:36.441-0900][294726.767s] GC(21) Survivor regions: 19->17(39)
[2020-12-13T11:07:36.442-0900][294726.767s] GC(21) Old regions: 27->29
[2020-12-13T11:07:36.442-0900][294726.767s] GC(21) Archive regions: 2->2
[2020-12-13T11:07:36.442-0900][294726.767s] GC(21) Humongous regions: 8->8
[2020-12-13T11:07:36.442-0900][294726.768s] GC(21) Metaspace: 53292K(54832K)->53292K(54832K) NonClass: 47030K(48048K)->47030K(48048K) Class: 6262K(6784K)->6262K(6784K)
[2020-12-13T11:07:36.442-0900][294726.768s] GC(21) Pause Young (Normal) (G1 Evacuation Pause) 342M->54M(512M) 68.306ms
[2020-12-13T11:07:36.442-0900][294726.768s] GC(21) User=0.06s Sys=0.27s Real=0.07s
